Component: Arm Compiler for Embedded 6.19 Tool: armlink [5e73cb00]

==============================================================================

Section Cross References

    main.o(.text.InputTask) refers to main.o(.text.Btn_PF4) for Btn_PF4
    main.o(.text.InputTask) refers to main.o(.text.Btn_PF0) for Btn_PF0
    main.o(.text.InputTask) refers to main.o(.text.Btn_PE1) for Btn_PE1
    main.o(.text.InputTask) refers to main.o(.text.Btn_PB0) for Btn_PB0
    main.o(.text.InputTask) refers to main.o(.text.Btn_PB1) for Btn_PB1
    main.o(.text.InputTask) refers to main.o(.text.Btn_PD0) for Btn_PD0
    main.o(.text.InputTask) refers to main.o(.text.Btn_PD1) for Btn_PD1
    main.o(.text.InputTask) refers to main.o(.bss.xStateMutex) for xStateMutex
    main.o(.text.InputTask) refers to queue.o(.text.xQueueSemaphoreTake) for xQueueSemaphoreTake
    main.o(.text.InputTask) refers to main.o(.data.gateState) for gateState
    main.o(.text.InputTask) refers to main.o(.text.Debug_PrintState) for Debug_PrintState
    main.o(.text.InputTask) refers to queue.o(.text.xQueueGenericSend) for xQueueGenericSend
    main.o(.text.InputTask) refers to tasks.o(.text.vTaskDelay) for vTaskDelay
    main.o(.text.InputTask) refers to tasks.o(.text.xTaskGetTickCount) for xTaskGetTickCount
    main.o(.text.InputTask) refers to main.o(.bss.xEventQueue) for xEventQueue
    main.o(.text.InputTask) refers to main.o(.bss.hitOpenLimit) for hitOpenLimit
    main.o(.text.InputTask) refers to main.o(.bss.xLimitSemaphore) for xLimitSemaphore
    main.o(.text.InputTask) refers to main.o(.bss.hitCloseLimit) for hitCloseLimit
    main.o(.text.InputTask) refers to main.o(.bss.xSafetyQueue) for xSafetyQueue
    main.o(.ARM.exidx.text.InputTask) refers to main.o(.text.InputTask) for [Anonymous Symbol]
    main.o(.ARM.exidx.text.Btn_PF4) refers to main.o(.text.Btn_PF4) for [Anonymous Symbol]
    main.o(.ARM.exidx.text.Btn_PF0) refers to main.o(.text.Btn_PF0) for [Anonymous Symbol]
    main.o(.ARM.exidx.text.Btn_PE1) refers to main.o(.text.Btn_PE1) for [Anonymous Symbol]
    main.o(.ARM.exidx.text.Btn_PB0) refers to main.o(.text.Btn_PB0) for [Anonymous Symbol]
    main.o(.ARM.exidx.text.Btn_PB1) refers to main.o(.text.Btn_PB1) for [Anonymous Symbol]
    main.o(.ARM.exidx.text.Btn_PD0) refers to main.o(.text.Btn_PD0) for [Anonymous Symbol]
    main.o(.ARM.exidx.text.Btn_PD1) refers to main.o(.text.Btn_PD1) for [Anonymous Symbol]
    main.o(.text.Debug_PrintState) refers to main.o(.text.GetStateName) for GetStateName
    main.o(.text.Debug_PrintState) refers to main.o(.rodata.str1.1) for .L.str.5
    main.o(.text.Debug_PrintState) refers to printf.o(.text) for printf
    main.o(.ARM.exidx.text.Debug_PrintState) refers to main.o(.text.Debug_PrintState) for [Anonymous Symbol]
    main.o(.text.SafetyTask) refers to main.o(.bss.xSafetyQueue) for xSafetyQueue
    main.o(.text.SafetyTask) refers to queue.o(.text.xQueueReceive) for xQueueReceive
    main.o(.text.SafetyTask) refers to main.o(.bss.xStateMutex) for xStateMutex
    main.o(.text.SafetyTask) refers to queue.o(.text.xQueueSemaphoreTake) for xQueueSemaphoreTake
    main.o(.text.SafetyTask) refers to main.o(.data.gateState) for gateState
    main.o(.text.SafetyTask) refers to queue.o(.text.xQueueGenericSend) for xQueueGenericSend
    main.o(.text.SafetyTask) refers to main.o(.text.Debug_PrintState) for Debug_PrintState
    main.o(.text.SafetyTask) refers to tasks.o(.text.vTaskDelay) for vTaskDelay
    main.o(.ARM.exidx.text.SafetyTask) refers to main.o(.text.SafetyTask) for [Anonymous Symbol]
    main.o(.text.GateTask) refers to main.o(.bss.xEventQueue) for xEventQueue
    main.o(.text.GateTask) refers to queue.o(.text.xQueueReceive) for xQueueReceive
    main.o(.text.GateTask) refers to main.o(.bss.xStateMutex) for xStateMutex
    main.o(.text.GateTask) refers to queue.o(.text.xQueueSemaphoreTake) for xQueueSemaphoreTake
    main.o(.text.GateTask) refers to main.o(.data.gateState) for gateState
    main.o(.text.GateTask) refers to main.o(.text.Debug_PrintState) for Debug_PrintState
    main.o(.text.GateTask) refers to queue.o(.text.xQueueGenericSend) for xQueueGenericSend
    main.o(.text.GateTask) refers to main.o(.bss.xLimitSemaphore) for xLimitSemaphore
    main.o(.text.GateTask) refers to main.o(.bss.hitOpenLimit) for hitOpenLimit
    main.o(.text.GateTask) refers to main.o(.bss.hitCloseLimit) for hitCloseLimit
    main.o(.ARM.exidx.text.GateTask) refers to main.o(.text.GateTask) for [Anonymous Symbol]
    main.o(.text.LEDTask) refers to main.o(.bss.xStateMutex) for xStateMutex
    main.o(.text.LEDTask) refers to queue.o(.text.xQueueSemaphoreTake) for xQueueSemaphoreTake
    main.o(.text.LEDTask) refers to main.o(.data.gateState) for gateState
    main.o(.text.LEDTask) refers to queue.o(.text.xQueueGenericSend) for xQueueGenericSend
    main.o(.text.LEDTask) refers to tasks.o(.text.vTaskDelay) for vTaskDelay
[...]
    __rt_lib_init_lc_monetary_1              0x00000391   Thumb Code     0  libinit2.o(.ARM.Collect$$libinit$$00000017)
    __rt_lib_init_lc_numeric_2               0x00000391   Thumb Code     0  libinit2.o(.ARM.Collect$$libinit$$00000018)
    __rt_lib_init_atexit_1                   0x0000039b   Thumb Code     0  libinit2.o(.ARM.Collect$$libinit$$0000001D)
    __rt_lib_init_clock_1                    0x0000039b   Thumb Code     0  libinit2.o(.ARM.Collect$$libinit$$00000023)
    __rt_lib_init_fp_trap_1                  0x0000039b   Thumb Code     0  libinit2.o(.ARM.Collect$$libinit$$00000021)
    __rt_lib_init_getenv_1                   0x0000039b   Thumb Code     0  libinit2.o(.ARM.Collect$$libinit$$00000025)
    __rt_lib_init_lc_numeric_1               0x0000039b   Thumb Code     0  libinit2.o(.ARM.Collect$$libinit$$00000019)
    __rt_lib_init_lc_time_1                  0x0000039b   Thumb Code     0  libinit2.o(.ARM.Collect$$libinit$$0000001B)
    __rt_lib_init_signal_1                   0x0000039b   Thumb Code     0  libinit2.o(.ARM.Collect$$libinit$$0000001F)
    __rt_lib_init_stdio_2                    0x0000039b   Thumb Code     0  libinit2.o(.ARM.Collect$$libinit$$00000026)
    __rt_lib_init_alloca_1                   0x0000039f   Thumb Code     0  libinit2.o(.ARM.Collect$$libinit$$00000030)
    __rt_lib_init_argv_1                     0x0000039f   Thumb Code     0  libinit2.o(.ARM.Collect$$libinit$$0000002E)
    __rt_lib_init_cpp_1                      0x0000039f   Thumb Code     0  libinit2.o(.ARM.Collect$$libinit$$00000034)
    __rt_lib_init_exceptions_1               0x0000039f   Thumb Code     0  libinit2.o(.ARM.Collect$$libinit$$00000032)
    __rt_lib_init_return                     0x0000039f   Thumb Code     0  libinit2.o(.ARM.Collect$$libinit$$00000035)
    __rt_lib_init_stdio_1                    0x0000039f   Thumb Code     0  libinit2.o(.ARM.Collect$$libinit$$00000027)
    __rt_lib_shutdown                        0x000003a1   Thumb Code     0  libshutdown.o(.ARM.Collect$$libshutdown$$00000000)
    __rt_lib_shutdown_cpp_1                  0x000003a3   Thumb Code     0  libshutdown2.o(.ARM.Collect$$libshutdown$$00000002)
    __rt_lib_shutdown_stdio_2                0x000003a3   Thumb Code     0  libshutdown2.o(.ARM.Collect$$libshutdown$$00000003)
    __rt_lib_shutdown_fp_trap_1              0x000003a7   Thumb Code     0  libshutdown2.o(.ARM.Collect$$libshutdown$$00000007)
    __rt_lib_shutdown_heap_2                 0x000003a7   Thumb Code     0  libshutdown2.o(.ARM.Collect$$libshutdown$$0000000D)
    __rt_lib_shutdown_signal_1               0x000003a7   Thumb Code     0  libshutdown2.o(.ARM.Collect$$libshutdown$$0000000A)
    __rt_lib_shutdown_stdio_1                0x000003a7   Thumb Code     0  libshutdown2.o(.ARM.Collect$$libshutdown$$00000004)
    __rt_lib_shutdown_user_alloc_1           0x000003a7   Thumb Code     0  libshutdown2.o(.ARM.Collect$$libshutdown$$0000000C)
    __rt_lib_shutdown_heap_1                 0x000003ab   Thumb Code     0  libshutdown2.o(.ARM.Collect$$libshutdown$$0000000F)
    __rt_lib_shutdown_return                 0x000003ab   Thumb Code     0  libshutdown2.o(.ARM.Collect$$libshutdown$$00000010)
    __rt_entry                               0x000003ad   Thumb Code     0  __rtentry.o(.ARM.Collect$$rtentry$$00000000)
    __rt_entry_presh_1                       0x000003ad   Thumb Code     0  __rtentry2.o(.ARM.Collect$$rtentry$$00000002)
    __rt_entry_sh                            0x000003ad   Thumb Code     0  __rtentry4.o(.ARM.Collect$$rtentry$$00000004)
    __rt_entry_postsh_1                      0x000003b3   Thumb Code     0  __rtentry2.o(.ARM.Collect$$rtentry$$00000008)
    __rt_entry_li                            0x000003bb   Thumb Code     0  __rtentry2.o(.ARM.Collect$$rtentry$$0000000A)
    __rt_entry_main                          0x000003bf   Thumb Code     0  __rtentry2.o(.ARM.Collect$$rtentry$$0000000D)
    __rt_entry_postli_1                      0x000003bf   Thumb Code     0  __rtentry2.o(.ARM.Collect$$rtentry$$0000000C)
    __rt_exit                                0x000003c7   Thumb Code     0  rtexit.o(.ARM.Collect$$rtexit$$00000000)
    __rt_exit_ls                             0x000003c9   Thumb Code     0  rtexit2.o(.ARM.Collect$$rtexit$$00000003)
    __rt_exit_prels_1                        0x000003c9   Thumb Code     0  rtexit2.o(.ARM.Collect$$rtexit$$00000002)
    __rt_exit_exit                           0x000003cd   Thumb Code     0  rtexit2.o(.ARM.Collect$$rtexit$$00000004)
    Reset_Handler                            0x000003d5   Thumb Code     8  startup_tm4c123.o(.text)
    NMI_Handler                              0x000003dd   Thumb Code     2  startup_tm4c123.o(.text)
    HardFault_Handler                        0x000003df   Thumb Code     2  startup_tm4c123.o(.text)
    MemManage_Handler                        0x000003e1   Thumb Code     2  startup_tm4c123.o(.text)
    BusFault_Handler                         0x000003e3   Thumb Code     2  startup_tm4c123.o(.text)
    UsageFault_Handler                       0x000003e5   Thumb Code     2  startup_tm4c123.o(.text)
    DebugMon_Handler                         0x000003e9   Thumb Code     2  startup_tm4c123.o(.text)
    GPIOA_Handler                            0x000003ef   Thumb Code     2  startup_tm4c123.o(.text)
    GPIOB_Handler                            0x000003f1   Thumb Code     2  startup_tm4c123.o(.text)
    GPIOC_Handler                            0x000003f3   Thumb Code     2  startup_tm4c123.o(.text)
    GPIOD_Handler                            0x000003f5   Thumb Code     2  startup_tm4c123.o(.text)
    GPIOE_Handler                            0x000003f7   Thumb Code     2  startup_tm4c123.o(.text)
    UART0_Handler                            0x000003f9   Thumb Code     2  startup_tm4c123.o(.text)
    UART1_Handler                            0x000003fb   Thumb Code     2  startup_tm4c123.o(.text)
    SSI0_Handler                             0x000003fd   Thumb Code     2  startup_tm4c123.o(.text)
    I2C0_Handler                             0x000003ff   Thumb Code     2  startup_tm4c123.o(.text)
    PMW0_FAULT_Handler                       0x00000401   Thumb Code     2  startup_tm4c123.o(.text)
    PWM0_0_Handler                           0x00000403   Thumb Code     2  startup_tm4c123.o(.text)
    PWM0_1_Handler                           0x00000405   Thumb Code     2  startup_tm4c123.o(.text)
    PWM0_2_Handler                           0x00000407   Thumb Code     2  startup_tm4c123.o(.text)
    QEI0_Handler                             0x00000409   Thumb Code     2  startup_tm4c123.o(.text)
    ADC0SS0_Handler                          0x0000040b   Thumb Code     2  startup_tm4c123.o(.text)
    ADC0SS1_Handler                          0x0000040d   Thumb Code     2  startup_tm4c123.o(.text)
    ADC0SS2_Handler                          0x0000040f   Thumb Code     2  startup_tm4c123.o(.text)
    ADC0SS3_Handler                          0x00000411   Thumb Code     2  startup_tm4c123.o(.text)
    WDT0_Handler                             0x00000413   Thumb Code     2  startup_tm4c123.o(.text)
    TIMER0A_Handler                          0x00000415   Thumb Code     2  startup_tm4c123.o(.text)
    TIMER0B_Handler                          0x00000417   Thumb Code     2  startup_tm4c123.o(.text)
    TIMER1A_Handler                          0x00000419   Thumb Code     2  startup_tm4c123.o(.text)
    TIMER1B_Handler                          0x0000041b   Thumb Code     2  startup_tm4c123.o(.text)
    TIMER2A_Handler                          0x0000041d   Thumb Code     2  startup_tm4c123.o(.text)
    TIMER2B_Handler                          0x0000041f   Thumb Code     2  startup_tm4c123.o(.text)
    COMP0_Handler                            0x00000421   Thumb Code     2  startup_tm4c123.o(.text)
    COMP1_Handler                            0x00000423   Thumb Code     2  startup_tm4c123.o(.text)
    COMP2_Handler                            0x00000425   Thumb Code     2  startup_tm4c123.o(.text)
    SYSCTL_Handler                           0x00000427   Thumb Code     2  startup_tm4c123.o(.text)
    FLASH_Handler                            0x00000429   Thumb Code     2  startup_tm4c123.o(.text)
    GPIOF_Handler                            0x0000042b   Thumb Code     2  startup_tm4c123.o(.text)
    GPIOG_Handler                            0x0000042d   Thumb Code     2  startup_tm4c123.o(.text)
    GPIOH_Handler                            0x0000042f   Thumb Code     2  startup_tm4c123.o(.text)
    UART2_Handler                            0x00000431   Thumb Code     2  startup_tm4c123.o(.text)
    SSI1_Handler                             0x00000433   Thumb Code     2  startup_tm4c123.o(.text)
    TIMER3A_Handler                          0x00000435   Thumb Code     2  startup_tm4c123.o(.text)
    TIMER3B_Handler                          0x00000437   Thumb Code     2  startup_tm4c123.o(.text)
    I2C1_Handler                             0x00000439   Thumb Code     2  startup_tm4c123.o(.text)
    QEI1_Handler                             0x0000043b   Thumb Code     2  startup_tm4c123.o(.text)
    CAN0_Handler                             0x0000043d   Thumb Code     2  startup_tm4c123.o(.text)
    CAN1_Handler                             0x0000043f   Thumb Code     2  startup_tm4c123.o(.text)
    CAN2_Handler                             0x00000441   Thumb Code     2  startup_tm4c123.o(.text)
    HIB_Handler                              0x00000443   Thumb Code     2  startup_tm4c123.o(.text)
    USB0_Handler                             0x00000445   Thumb Code     2  startup_tm4c123.o(.text)
    PWM0_3_Handler                           0x00000447   Thumb Code     2  startup_tm4c123.o(.text)
    UDMA_Handler                             0x00000449   Thumb Code     2  startup_tm4c123.o(.text)
    UDMAERR_Handler                          0x0000044b   Thumb Code     2  startup_tm4c123.o(.text)
    ADC1SS0_Handler                          0x0000044d   Thumb Code     2  startup_tm4c123.o(.text)
    ADC1SS1_Handler                          0x0000044f   Thumb Code     2  startup_tm4c123.o(.text)
    ADC1SS2_Handler                          0x00000451   Thumb Code     2  startup_tm4c123.o(.text)
    ADC1SS3_Handler                          0x00000453   Thumb Code     2  startup_tm4c123.o(.text)
    GPIOJ_Handler                            0x00000455   Thumb Code     2  startup_tm4c123.o(.text)
    GPIOK_Handler                            0x00000457   Thumb Code     2  startup_tm4c123.o(.text)
    GPIOL_Handler                            0x00000459   Thumb Code     2  startup_tm4c123.o(.text)
    SSI2_Handler                             0x0000045b   Thumb Code     2  startup_tm4c123.o(.text)
    SSI3_Handler                             0x0000045d   Thumb Code     2  startup_tm4c123.o(.text)
    UART3_Handler                            0x0000045f   Thumb Code     2  startup_tm4c123.o(.text)
    UART4_Handler                            0x00000461   Thumb Code     2  startup_tm4c123.o(.text)
    UART5_Handler                            0x00000463   Thumb Code     2  startup_tm4c123.o(.text)
    UART6_Handler                            0x00000465   Thumb Code     2  startup_tm4c123.o(.text)
    UART7_Handler                            0x00000467   Thumb Code     2  startup_tm4c123.o(.text)
    I2C2_Handler                             0x00000469   Thumb Code     2  startup_tm4c123.o(.text)
    I2C3_Handler                             0x0000046b   Thumb Code     2  startup_tm4c123.o(.text)
    TIMER4A_Handler                          0x0000046d   Thumb Code     2  startup_tm4c123.o(.text)
    TIMER4B_Handler                          0x0000046f   Thumb Code     2  startup_tm4c123.o(.text)
    TIMER5A_Handler                          0x00000471   Thumb Code     2  startup_tm4c123.o(.text)
    TIMER5B_Handler                          0x00000473   Thumb Code     2  startup_tm4c123.o(.text)
    WTIMER0A_Handler                         0x00000475   Thumb Code     2  startup_tm4c123.o(.text)
    WTIMER0B_Handler                         0x00000477   Thumb Code     2  startup_tm4c123.o(.text)
    WTIMER1A_Handler                         0x00000479   Thumb Code     2  startup_tm4c123.o(.text)
    WTIMER1B_Handler                         0x0000047b   Thumb Code     2  startup_tm4c123.o(.text)
    WTIMER2A_Handler                         0x0000047d   Thumb Code     2  startup_tm4c123.o(.text)
    WTIMER2B_Handler                         0x0000047f   Thumb Code     2  startup_tm4c123.o(.text)
    WTIMER3A_Handler                         0x00000481   Thumb Code     2  startup_tm4c123.o(.text)
    WTIMER3B_Handler                         0x00000483   Thumb Code     2  startup_tm4c123.o(.text)
    WTIMER4A_Handler                         0x00000485   Thumb Code     2  startup_tm4c123.o(.text)
    WTIMER4B_Handler                         0x00000487   Thumb Code     2  startup_tm4c123.o(.text)
    WTIMER5A_Handler                         0x00000489   Thumb Code     2  startup_tm4c123.o(.text)
    WTIMER5B_Handler                         0x0000048b   Thumb Code     2  startup_tm4c123.o(.text)
    FPU_Handler                              0x0000048d   Thumb Code     2  startup_tm4c123.o(.text)
    I2C4_Handler                             0x0000048f   Thumb Code     2  startup_tm4c123.o(.text)
    I2C5_Handler                             0x00000491   Thumb Code     2  startup_tm4c123.o(.text)
    GPIOM_Handler                            0x00000493   Thumb Code     2  startup_tm4c123.o(.text)
    GPION_Handler                            0x00000495   Thumb Code     2  startup_tm4c123.o(.text)
    QEI2_Handler                             0x00000497   Thumb Code     2  startup_tm4c123.o(.text)
    GPIOP0_Handler                           0x00000499   Thumb Code     2  startup_tm4c123.o(.text)
    GPIOP1_Handler                           0x0000049b   Thumb Code     2  startup_tm4c123.o(.text)
    GPIOP2_Handler                           0x0000049d   Thumb Code     2  startup_tm4c123.o(.text)
    GPIOP3_Handler                           0x0000049f   Thumb Code     2  startup_tm4c123.o(.text)
    GPIOP4_Handler                           0x000004a1   Thumb Code     2  startup_tm4c123.o(.text)
    GPIOP5_Handler                           0x000004a3   Thumb Code     2  startup_tm4c123.o(.text)
    GPIOP6_Handler                           0x000004a5   Thumb Code     2  startup_tm4c123.o(.text)
    GPIOP7_Handler                           0x000004a7   Thumb Code     2  startup_tm4c123.o(.text)
    GPIOQ0_Handler                           0x000004a9   Thumb Code     2  startup_tm4c123.o(.text)
    GPIOQ1_Handler                           0x000004ab   Thumb Code     2  startup_tm4c123.o(.text)
    GPIOQ2_Handler                           0x000004ad   Thumb Code     2  startup_tm4c123.o(.text)
    GPIOQ3_Handler                           0x000004af   Thumb Code     2  startup_tm4c123.o(.text)
    GPIOQ4_Handler                           0x000004b1   Thumb Code     2  startup_tm4c123.o(.text)
    GPIOQ5_Handler                           0x000004b3   Thumb Code     2  startup_tm4c123.o(.text)
    GPIOQ6_Handler                           0x000004b5   Thumb Code     2  startup_tm4c123.o(.text)
    GPIOQ7_Handler                           0x000004b7   Thumb Code     2  startup_tm4c123.o(.text)
    GPIOR_Handler                            0x000004b9   Thumb Code     2  startup_tm4c123.o(.text)
    GPIOS_Handler                            0x000004bb   Thumb Code     2  startup_tm4c123.o(.text)
    PMW1_0_Handler                           0x000004bd   Thumb Code     2  startup_tm4c123.o(.text)
    PWM1_1_Handler                           0x000004bf   Thumb Code     2  startup_tm4c123.o(.text)
    PWM1_2_Handler                           0x000004c1   Thumb Code     2  startup_tm4c123.o(.text)
    PWM1_3_Handler                           0x000004c3   Thumb Code     2  startup_tm4c123.o(.text)
    PWM1_FAULT_Handler                       0x000004c5   Thumb Code     2  startup_tm4c123.o(.text)
    __user_initial_stackheap                 0x000004c9   Thumb Code     0  startup_tm4c123.o(.text)
    printf                                   0x000004e9   Thumb Code    20  printf.o(.text)
    __aeabi_memcpy                           0x00000501   Thumb Code     0  rt_memcpy_v6.o(.text)
    __rt_memcpy                              0x00000501   Thumb Code   138  rt_memcpy_v6.o(.text)
    _memcpy_lastbytes                        0x00000567   Thumb Code     0  rt_memcpy_v6.o(.text)
    __aeabi_memset4                          0x0000058b   Thumb Code    16  aeabi_memset4.o(.text)
    __aeabi_memset8                          0x0000058b   Thumb Code     0  aeabi_memset4.o(.text)
    __aeabi_memclr                           0x0000059b   Thumb Code     0  rt_memclr.o(.text)
    __rt_memclr                              0x0000059b   Thumb Code     0  rt_memclr.o(.text)
    _memset                                  0x0000059f   Thumb Code    64  rt_memclr.o(.text)
    strcmp                                   0x000005e1   Thumb Code   124  strcmpv7em.o(.text)
    __use_two_region_memory                  0x0000065d   Thumb Code     2  heapauxi.o(.text)
    __rt_heap_escrow                         0x0000065f   Thumb Code     2  heapauxi.o(.text)
    __rt_heap_expand                         0x00000661   Thumb Code     2  heapauxi.o(.text)
    _printf_pre_padding                      0x00000663   Thumb Code    44  _printf_pad.o(.text)
    _printf_post_padding                     0x0000068f   Thumb Code    34  _printf_pad.o(.text)
    _printf_truncate_signed                  0x000006b1   Thumb Code    18  _printf_truncate.o(.text)
    _printf_truncate_unsigned                0x000006c3   Thumb Code    18  _printf_truncate.o(.text)
    _printf_str                              0x000006d5   Thumb Code    82  _printf_str.o(.text)
    _printf_int_dec                          0x00000729   Thumb Code   104  _printf_dec.o(.text)
    _printf_charcount                        0x000007a1   Thumb Code    40  _printf_charcount.o(.text)
    _printf_char_common                      0x000007d3   Thumb Code    32  _printf_char_common.o(.text)
    _printf_wctomb                           0x000007f9   Thumb Code   182  _printf_wctomb.o(.text)
    _printf_longlong_dec                     0x000008b5   Thumb Code   108  _printf_longlong_dec.o(.text)
    _printf_longlong_oct                     0x00000931   Thumb Code    68  _printf_oct_int_ll.o(.text)
    _printf_int_oct                          0x00000975   Thumb Code    24  _printf_oct_int_ll.o(.text)
    _printf_ll_oct                           0x0000098d   Thumb Code    12  _printf_oct_int_ll.o(.text)
    _printf_longlong_hex                     0x000009a1   Thumb Code    86  _printf_hex_int_ll_ptr.o(.text)
    _printf_int_hex                          0x000009f7   Thumb Code    28  _printf_hex_int_ll_ptr.o(.text)
    _printf_ll_hex                           0x00000a13   Thumb Code    12  _printf_hex_int_ll_ptr.o(.text)
    _printf_hex_ptr                          0x00000a1f   Thumb Code    18  _printf_hex_int_ll_ptr.o(.text)
    __printf                                 0x00000a35   Thumb Code   388  __printf_flags_ss_wp.o(.text)
    __aeabi_memcpy4                          0x00000bbd   Thumb Code     0  rt_memcpy_w.o(.text)
    __aeabi_memcpy8                          0x00000bbd   Thumb Code     0  rt_memcpy_w.o(.text)
    __rt_memcpy_w                            0x00000bbd   Thumb Code   100  rt_memcpy_w.o(.text)
    _memcpy_lastbytes_aligned                0x00000c05   Thumb Code     0  rt_memcpy_w.o(.text)
    __aeabi_memclr4                          0x00000c21   Thumb Code     0  rt_memclr_w.o(.text)
    __aeabi_memclr8                          0x00000c21   Thumb Code     0  rt_memclr_w.o(.text)
    __rt_memclr_w                            0x00000c21   Thumb Code     0  rt_memclr_w.o(.text)
    _memset_w                                0x00000c25   Thumb Code    74  rt_memclr_w.o(.text)
    _ll_udiv10                               0x00000c6f   Thumb Code   138  lludiv10.o(.text)
    _printf_int_common                       0x00000cf9   Thumb Code   178  _printf_intcommon.o(.text)
    _printf_fp_dec_real                      0x00000f5b   Thumb Code   620  _printf_fp_dec.o(.text)
    _printf_fp_hex_real                      0x000011c9   Thumb Code   756  _printf_fp_hex.o(.text)
    _printf_cs_common                        0x000014c5   Thumb Code    20  _printf_char.o(.text)
    _printf_char                             0x000014d9   Thumb Code    16  _printf_char.o(.text)
    _printf_string                           0x000014e9   Thumb Code     8  _printf_char.o(.text)
    _printf_lcs_common                       0x000014f1   Thumb Code    20  _printf_wchar.o(.text)
    _printf_wchar                            0x00001505   Thumb Code    16  _printf_wchar.o(.text)
    _printf_wstring                          0x00001515   Thumb Code     8  _printf_wchar.o(.text)
    _initio                                  0x0000151d   Thumb Code   240  initio_locked.o(.text)
    _terminateio                             0x0000160d   Thumb Code   168  initio_locked.o(.text)
    _c16rtomb                                0x000016e5   Thumb Code    72  _c16rtomb.o(.text)
    _wcrtomb                                 0x000016e5   Thumb Code     0  _c16rtomb.o(.text)
    __user_setup_stackheap                   0x0000172d   Thumb Code    74  sys_stackheap_outer.o(.text)
    __rt_ctype_table                         0x00001779   Thumb Code    16  rt_ctype_table.o(.text)
    __rt_locale                              0x00001789   Thumb Code    10  rt_locale_twolibspace.o(.text)
    free_internal$concurrent                 0x00001793   Thumb Code    98  h1_free_threads.o(.text)
    free                                     0x000017f5   Thumb Code    20  h1_free_threads.o(.text)
    _printf_fp_infnan                        0x00001809   Thumb Code   112  _printf_fp_infnan.o(.text)
    _btod_etento                             0x00001889   Thumb Code   224  bigflt0.o(.text)
    __flsbuf                                 0x0000196d   Thumb Code   482  flsbuf.o(.text)
    __flsbuf_byte                            0x0000196d   Thumb Code     0  flsbuf.o(.text)
    __flsbuf_wide                            0x0000196d   Thumb Code     0  flsbuf.o(.text)
    _fclose_internal                         0x00001b4f   Thumb Code    76  fclose.o(.text)
    fclose                                   0x00001b4f   Thumb Code     0  fclose.o(.text)
    setvbuf                                  0x00001b9b   Thumb Code   104  setvbuf_locked.o(.text)
    freopen                                  0x00001cb9   Thumb Code    42  fopen_locked.o(.text)
    _fopen$locked                            0x00001ce3   Thumb Code   100  fopen_locked.o(.text)
    exit                                     0x00001d51   Thumb Code    18  exit.o(.text)
    __rt_SIGRTRED                            0x00001d63   Thumb Code    14  defsig_rtred_outer.o(.text)
    __user_libspace                          0x00001d71   Thumb Code     8  libspace.o(.text)
    __user_perproc_libspace                  0x00001d71   Thumb Code     0  libspace.o(.text)
    __rt_heap_descriptor                     0x00001d79   Thumb Code    10  rt_heap_descriptor_twolibspace.o(.text)
    __use_no_heap                            0x00001d83   Thumb Code     2  hguard.o(.text)
    __heap$guard                             0x00001d85   Thumb Code     2  hguard.o(.text)
    _terminate_user_alloc                    0x00001d87   Thumb Code     2  init_alloc.o(.text)
    _init_user_alloc                         0x00001d89   Thumb Code     2  init_alloc.o(.text)
    __Heap_Full                              0x00001d8b   Thumb Code    34  init_alloc.o(.text)
    __Heap_Broken                            0x00001dad   Thumb Code     6  init_alloc.o(.text)
    _init_alloc                              0x00001db3   Thumb Code    94  init_alloc.o(.text)
    malloc_internal$concurrent               0x00001e21   Thumb Code   130  h1_alloc_threads.o(.text)
    malloc                                   0x00001ea3   Thumb Code    20  h1_alloc_threads.o(.text)
    _printf_char_file                        0x00001eb9   Thumb Code    58  _printf_char_file_locked.o(.text)
    _fseek                                   0x00001ef9   Thumb Code   242  fseek.o(.text)
    fseek                                    0x00001ef9   Thumb Code     0  fseek.o(.text)
    _seterr                                  0x00001ff1   Thumb Code    20  stdio.o(.text)
    _writebuf                                0x00002005   Thumb Code   108  stdio.o(.text)
    _fflush                                  0x00002071   Thumb Code    70  stdio.o(.text)
    _deferredlazyseek                        0x000020b7   Thumb Code    60  stdio.o(.text)
    __sig_exit                               0x000020f9   Thumb Code    10  defsig_exit.o(.text)
    __rt_SIGRTRED_inner                      0x00002105   Thumb Code    14  defsig_rtred_inner.o(.text)
    __Heap_Initialize                        0x00002139   Thumb Code    14  h1_init_threads.o(.text)
    _maybe_terminate_alloc                   0x00002139   Thumb Code     0  maybetermalloc2.o(.text)
    __Heap_DescSize                          0x00002147   Thumb Code     4  h1_init_threads.o(.text)
    __Heap_ProvideMemory                     0x00002159   Thumb Code    68  h1_extend_threads.o(.text)
    _ftell_internal                          0x0000219d   Thumb Code    66  ftell.o(.text)
    ftell                                    0x0000219d   Thumb Code     0  ftell.o(.text)
    __default_signal_display                 0x000021df   Thumb Code    50  defsig_general.o(.text)
    __rt_SIGRTMEM                            0x00002211   Thumb Code    14  defsig_rtmem_outer.o(.text)
    _ttywrch                                 0x0000221f   Thumb Code    14  sys_wrch.o(.text)
    __aeabi_errno_addr                       0x0000222d   Thumb Code     4  rt_errno_addr_twolibspace.o(.text)
    __errno$twolibspace                      0x0000222d   Thumb Code     0  rt_errno_addr_twolibspace.o(.text)
    __rt_errno_addr$twolibspace              0x0000222d   Thumb Code     0  rt_errno_addr_twolibspace.o(.text)
    _terminate_alloc                         0x00002231   Thumb Code    16  term_alloc.o(.text)
    __rt_SIGRTMEM_inner                      0x00002241   Thumb Code    22  defsig_rtmem_inner.o(.text)
    __I$use$semihosting                      0x00002291   Thumb Code     0  use_no_semi.o(.text)
    __use_no_semihosting_swi                 0x00002291   Thumb Code     2  use_no_semi.o(.text)
    __Heap_Finalize                          0x00002293   Thumb Code    10  h1_final_threads.o(.text)
    __semihosting_library_function           0x00002293   Thumb Code     0  indicate_semi.o(.text)
    _fp_init                                 0x0000229d   Thumb Code    22  clib_os.o(.text.$Sub$$_fp_init)
    GateTask                                 0x00002539   Thumb Code   588  main.o(.text.GateTask)
    ITM_SendChar                             0x000027fd   Thumb Code    66  retarget_io.o(.text.ITM_SendChar)
    InputTask                                0x00002841   Thumb Code   724  main.o(.text.InputTask)
    LEDTask                                  0x00002b15   Thumb Code   162  main.o(.text.LEDTask)
    PendSV_Handler                           0x00002bb9   Thumb Code    96  port.o(.text.PendSV_Handler)
    SVC_Handler                              0x00002c19   Thumb Code    32  port.o(.text.SVC_Handler)
    SafetyTask                               0x00002c39   Thumb Code   234  main.o(.text.SafetyTask)
    SysTick_Handler                          0x00002d25   Thumb Code    30  cmsis_os2.o(.text.SysTick_Handler)
    SystemInit                               0x00002d45   Thumb Code   268  system_tm4c123.o(.text.SystemInit)
    __user_perthread_libspace                0x00002e51   Thumb Code   186  clib_os.o(.text.__user_perthread_libspace)
    _mutex_acquire                           0x00002f0d   Thumb Code    40  clib_os.o(.text._mutex_acquire)
    _mutex_free                              0x00002f35   Thumb Code    84  clib_os.o(.text._mutex_free)
    _mutex_initialize                        0x00002f89   Thumb Code   168  clib_os.o(.text._mutex_initialize)
    _mutex_release                           0x00003031   Thumb Code    42  clib_os.o(.text._mutex_release)
    _platform_post_stackheap_init            0x0000305d   Thumb Code     2  clib_os.o(.text._platform_post_stackheap_init)
    _sys_close                               0x00003061   Thumb Code    74  retarget_io.o(.text._sys_close)
    _sys_exit                                0x000030ad   Thumb Code    10  retarget.o(.text._sys_exit)
    _sys_flen                                0x000030b9   Thumb Code    72  retarget_io.o(.text._sys_flen)
    _sys_istty                               0x00003101   Thumb Code    72  retarget_io.o(.text._sys_istty)
    _sys_open                                0x00003149   Thumb Code   132  retarget_io.o(.text._sys_open)
    _sys_seek                                0x000031cd   Thumb Code    82  retarget_io.o(.text._sys_seek)
    _sys_write                               0x00003221   Thumb Code   118  retarget_io.o(.text._sys_write)
    main                                     0x000032b9   Thumb Code   274  main.o(.text.main)
    pvPortMalloc                             0x000044b9   Thumb Code   696  heap_4.o(.text.pvPortMalloc)
    pvTaskIncrementMutexHeldCount            0x00004771   Thumb Code    36  tasks.o(.text.pvTaskIncrementMutexHeldCount)
    pxPortInitialiseStack                    0x00004795   Thumb Code    94  port.o(.text.pxPortInitialiseStack)
    uxListRemove                             0x00004805   Thumb Code    72  list.o(.text.uxListRemove)
    vApplicationGetIdleTaskMemory            0x0000484d   Thumb Code    42  tasks.o(.text.vApplicationGetIdleTaskMemory)
    vApplicationGetTimerTaskMemory           0x00004879   Thumb Code    42  tasks.o(.text.vApplicationGetTimerTaskMemory)
    vApplicationStackOverflowHook            0x000048a5   Thumb Code    16  cmsis_os2.o(.text.vApplicationStackOverflowHook)
    vListInitialise                          0x000048b5   Thumb Code    46  list.o(.text.vListInitialise)
    vListInitialiseItem                      0x000048e5   Thumb Code    14  list.o(.text.vListInitialiseItem)
    vListInsert                              0x000048f5   Thumb Code   106  list.o(.text.vListInsert)
    vPortEnterCritical                       0x00004975   Thumb Code    72  port.o(.text.vPortEnterCritical)
    vPortExitCritical                        0x000049bd   Thumb Code    60  port.o(.text.vPortExitCritical)
    vPortFree                                0x000049f9   Thumb Code   222  heap_4.o(.text.vPortFree)
    vPortSetupTimerInterrupt                 0x00004ad9   Thumb Code    42  port.o(.text.vPortSetupTimerInterrupt)
    vQueueDelete                             0x00004b05   Thumb Code    48  queue.o(.text.vQueueDelete)
    vQueueWaitForMessageRestricted           0x00004b35   Thumb Code   100  queue.o(.text.vQueueWaitForMessageRestricted)
    vTaskDelay                               0x00004b99   Thumb Code    98  tasks.o(.text.vTaskDelay)
    vTaskInternalSetTimeOutState             0x00004bfd   Thumb Code    36  tasks.o(.text.vTaskInternalSetTimeOutState)
    vTaskMissedYield                         0x00004c21   Thumb Code    14  tasks.o(.text.vTaskMissedYield)
    vTaskPlaceOnEventList                    0x00004c31   Thumb Code    52  tasks.o(.text.vTaskPlaceOnEventList)
    vTaskPlaceOnEventListRestricted          0x00004c65   Thumb Code   114  tasks.o(.text.vTaskPlaceOnEventListRestricted)
    vTaskPriorityDisinheritAfterTimeout      0x00004cd9   Thumb Code   358  tasks.o(.text.vTaskPriorityDisinheritAfterTimeout)
    vTaskStartScheduler                      0x00004e41   Thumb Code   130  tasks.o(.text.vTaskStartScheduler)
    vTaskSuspendAll                          0x00004ec5   Thumb Code    16  tasks.o(.text.vTaskSuspendAll)
    vTaskSwitchContext                       0x00004ed5   Thumb Code   312  tasks.o(.text.vTaskSwitchContext)
    xPortStartScheduler                      0x0000500d   Thumb Code   428  port.o(.text.xPortStartScheduler)
    xPortSysTickHandler                      0x000051b9   Thumb Code    62  port.o(.text.xPortSysTickHandler)
    xQueueCreateMutex                        0x000051f9   Thumb Code    38  queue.o(.text.xQueueCreateMutex)
    xQueueCreateMutexStatic                  0x00005221   Thumb Code    50  queue.o(.text.xQueueCreateMutexStatic)
    xQueueGenericCreate                      0x00005255   Thumb Code   148  queue.o(.text.xQueueGenericCreate)
    xQueueGenericCreateStatic                0x000052e9   Thumb Code   158  queue.o(.text.xQueueGenericCreateStatic)
    xQueueGenericReset                       0x00005389   Thumb Code   236  queue.o(.text.xQueueGenericReset)
    xQueueGenericSend                        0x00005475   Thumb Code   500  queue.o(.text.xQueueGenericSend)
    xQueueReceive                            0x00005669   Thumb Code   434  queue.o(.text.xQueueReceive)
    xQueueSemaphoreTake                      0x0000581d   Thumb Code   486  queue.o(.text.xQueueSemaphoreTake)
    xTaskCheckForTimeOut                     0x00005a05   Thumb Code   224  tasks.o(.text.xTaskCheckForTimeOut)
    xTaskCreate                              0x00005ae5   Thumb Code    82  tasks.o(.text.xTaskCreate)
    xTaskCreateStatic                        0x00005b39   Thumb Code    92  tasks.o(.text.xTaskCreateStatic)
    xTaskGetCurrentTaskHandle                0x00005b95   Thumb Code    20  tasks.o(.text.xTaskGetCurrentTaskHandle)
    xTaskGetSchedulerState                   0x00005ba9   Thumb Code    56  tasks.o(.text.xTaskGetSchedulerState)
    xTaskGetTickCount                        0x00005be1   Thumb Code    20  tasks.o(.text.xTaskGetTickCount)
    xTaskIncrementTick                       0x00005bf5   Thumb Code   630  tasks.o(.text.xTaskIncrementTick)
    xTaskPriorityDisinherit                  0x00005e6d   Thumb Code   286  tasks.o(.text.xTaskPriorityDisinherit)
    xTaskPriorityInherit                     0x00005f8d   Thumb Code   348  tasks.o(.text.xTaskPriorityInherit)
    xTaskRemoveFromEventList                 0x000060e9   Thumb Code   418  tasks.o(.text.xTaskRemoveFromEventList)
    xTaskResumeAll                           0x0000628d   Thumb Code   584  tasks.o(.text.xTaskResumeAll)
    xTimerCreateTimerTask                    0x000064d5   Thumb Code   134  timers.o(.text.xTimerCreateTimerTask)
    _btod_d2e                                0x0000655b   Thumb Code    62  btod.o(CL$$btod_d2e)
    _d2e_denorm_low                          0x00006599   Thumb Code    70  btod.o(CL$$btod_d2e_denorm_low)
    _d2e_norm_op1                            0x000065df   Thumb Code    96  btod.o(CL$$btod_d2e_norm_op1)
    __btod_div_common                        0x00006641   Thumb Code   696  btod.o(CL$$btod_div_common)
    _e2e                                     0x00006979   Thumb Code   220  btod.o(CL$$btod_e2e)
    _btod_ediv                               0x00006a55   Thumb Code    42  btod.o(CL$$btod_ediv)
    _btod_emul                               0x00006a7f   Thumb Code    42  btod.o(CL$$btod_emul)
    __btod_mult_common                       0x00006aa9   Thumb Code   580  btod.o(CL$$btod_mult_common)
    __ARM_fpclassify                         0x00006ced   Thumb Code    48  fpclassify.o(i.__ARM_fpclassify)
    _is_digit                                0x00006d1d   Thumb Code    14  __printf_wp.o(i._is_digit)
    _fputc$unlocked                          0x00006d2b   Thumb Code    28  fputc.o(i.fputc)
    _get_lc_numeric                          0x00006d49   Thumb Code    44  lc_numeric_c.o(locale$$code)
    _get_lc_ctype                            0x00006d75   Thumb Code    44  lc_ctype_c.o(locale$$code)
    $Super$$_fp_init                         0x00006da1   Thumb Code    26  fpinit.o(x$fpl$fpinit)
    __fplib_config_fpu_vfp                   0x00006db9   Thumb Code     0  fpinit.o(x$fpl$fpinit)
    __fplib_config_pureend_doubles           0x00006db9   Thumb Code     0  fpinit.o(x$fpl$fpinit)
    _printf_fp_dec                           0x00006dbb   Thumb Code     4  printf1.o(x$fpl$printf1)
    _printf_fp_hex                           0x00006dbf   Thumb Code     4  printf2.o(x$fpl$printf2)
    __I$use$fp                               0x00006dc2   Number         0  usenofp.o(x$fpl$usenofp)
    __stderr_name                            0x00006ec0   Data           8  retarget_io.o(.rodata.__stderr_name)
    __stdin_name                             0x00006ec8   Data           7  retarget_io.o(.rodata.__stdin_name)
    __stdout_name                            0x00006ecf   Data           8  retarget_io.o(.rodata.__stdout_name)
    Region$$Table$$Base                      0x00006fa8   Number         0  anon$$obj.o(Region$$Table)
    Region$$Table$$Limit                     0x00006fc8   Number         0  anon$$obj.o(Region$$Table)
    __ctype                                  0x00006ff1   Data           0  lc_ctype_c.o(locale$$data)
    __aeabi_stdin                            0x20000000   Data           4  stdio_streams.o(.data)
    __aeabi_stdout                           0x20000004   Data           4  stdio_streams.o(.data)
    __aeabi_stderr                           0x20000008   Data           4  stdio_streams.o(.data)
    _stream_list_lock                        0x2000000c   Data           4  streamlock.o(.data)
    gateState                                0x20000010   Data           1  main.o(.data.gateState)
    __stdin                                  0x20000018   Data          84  stdio_streams.o(.bss)
    __stdout                                 0x2000006c   Data          84  stdio_streams.o(.bss)
    __stderr                                 0x200000c0   Data          84  stdio_streams.o(.bss)
    __libspace_start                         0x20000114   Data          96  libspace.o(.bss)
    __temporary_stack_top$libspace           0x20000174   Data           0  libspace.o(.bss)
    hitCloseLimit                            0x20000318   Data           1  main.o(.bss.hitCloseLimit)
    hitOpenLimit                             0x20000319   Data           1  main.o(.bss.hitOpenLimit)
    pxCurrentTCB                             0x200005b0   Data           4  tasks.o(.bss.pxCurrentTCB)
    xEventQueue                              0x20002f4c   Data           4  main.o(.bss.xEventQueue)
    xLimitSemaphore                          0x20002f58   Data           4  main.o(.bss.xLimitSemaphore)
    xSafetyQueue                             0x20002f88   Data           4  main.o(.bss.xSafetyQueue)
    xStateMutex                              0x20002f98   Data           4  main.o(.bss.xStateMutex)



==============================================================================

Memory Map of the image

  Image Entry point : 0x0000026d

  Load Region LR_IROM1 (Base: 0x00000000, Size: 0x00007110, Max: 0x00040000, ABSOLUTE)

    Execution Region ER_IROM1 (Exec base: 0x00000000, Load base: 0x00000000, Size: 0x000070f4, Max: 0x00040000, ABSOLUTE)

    Exec Addr    Load Addr    Size         Type   Attr      Idx    E Section Name        Object

    0x00000000   0x00000000   0x0000026c   Data   RO          339    RESET               startup_tm4c123.o
    0x0000026c   0x0000026c   0x00000008   Code   RO          855  * !!!main             c_w.l(__main.o)
    0x00000274   0x00000274   0x00000034   Code   RO         1364    !!!scatter          c_w.l(__scatter.o)
    0x000002a8   0x000002a8   0x0000001a   Code   RO         1366    !!handler_copy      c_w.l(__scatter_copy.o)
    0x000002c2   0x000002c2   0x00000002   PAD
    0x000002c4   0x000002c4   0x0000001c   Code   RO         1368    !!handler_zi        c_w.l(__scatter_zi.o)
    0x000002e0   0x000002e0   0x00000000   Code   RO          943    .ARM.Collect$$_printf_percent$$00000000  c_w.l(_printf_percent.o)
    0x000002e0   0x000002e0   0x00000006   Code   RO          932    .ARM.Collect$$_printf_percent$$00000001  c_w.l(_printf_n.o)
    0x000002e6   0x000002e6   0x00000006   Code   RO          934    .ARM.Collect$$_printf_percent$$00000002  c_w.l(_printf_p.o)
    0x000002ec   0x000002ec   0x00000006   Code   RO          939    .ARM.Collect$$_printf_percent$$00000003  c_w.l(_printf_f.o)
    0x000002f2   0x000002f2   0x00000006   Code   RO          940    .ARM.Collect$$_printf_percent$$00000004  c_w.l(_printf_e.o)
    0x000002f8   0x000002f8   0x00000006   Code   RO          941    .ARM.Collect$$_printf_percent$$00000005  c_w.l(_printf_g.o)
    0x000002fe   0x000002fe   0x00000006   Code   RO          942    .ARM.Collect$$_printf_percent$$00000006  c_w.l(_printf_a.o)
    0x00000304   0x00000304   0x0000000a   Code   RO          947    .ARM.Collect$$_printf_percent$$00000007  c_w.l(_printf_ll.o)
    0x0000030e   0x0000030e   0x00000006   Code   RO          936    .ARM.Collect$$_printf_percent$$00000008  c_w.l(_printf_i.o)
    0x00000314   0x00000314   0x00000006   Code   RO          937    .ARM.Collect$$_printf_percent$$00000009  c_w.l(_printf_d.o)
    0x0000031a   0x0000031a   0x00000006   Code   RO          938    .ARM.Collect$$_printf_percent$$0000000A  c_w.l(_printf_u.o)
    0x00000320   0x00000320   0x00000006   Code   RO          935    .ARM.Collect$$_printf_percent$$0000000B  c_w.l(_printf_o.o)
    0x00000326   0x00000326   0x00000006   Code   RO          933    .ARM.Collect$$_printf_percent$$0000000C  c_w.l(_printf_x.o)
    0x0000032c   0x0000032c   0x00000006   Code   RO          944    .ARM.Collect$$_printf_percent$$0000000D  c_w.l(_printf_lli.o)
    0x00000332   0x00000332   0x00000006   Code   RO          945    .ARM.Collect$$_printf_percent$$0000000E  c_w.l(_printf_lld.o)
    0x00000338   0x00000338   0x00000006   Code   RO          946    .ARM.Collect$$_printf_percent$$0000000F  c_w.l(_printf_llu.o)
    0x0000033e   0x0000033e   0x00000006   Code   RO          951    .ARM.Collect$$_printf_percent$$00000010  c_w.l(_printf_llo.o)
    0x00000344   0x00000344   0x00000006   Code   RO          952    .ARM.Collect$$_printf_percent$$00000011  c_w.l(_printf_llx.o)
    0x0000034a   0x0000034a   0x0000000a   Code   RO          948    .ARM.Collect$$_printf_percent$$00000012  c_w.l(_printf_l.o)
    0x00000354   0x00000354   0x00000006   Code   RO          930    .ARM.Collect$$_printf_percent$$00000013  c_w.l(_printf_c.o)
    0x0000035a   0x0000035a   0x00000006   Code   RO          931    .ARM.Collect$$_printf_percent$$00000014  c_w.l(_printf_s.o)
    0x00000360   0x00000360   0x00000006   Code   RO          949    .ARM.Collect$$_printf_percent$$00000015  c_w.l(_printf_lc.o)
    0x00000366   0x00000366   0x00000006   Code   RO          950    .ARM.Collect$$_printf_percent$$00000016  c_w.l(_printf_ls.o)
    0x0000036c   0x0000036c   0x00000004   Code   RO         1003    .ARM.Collect$$_printf_percent$$00000017  c_w.l(_printf_percent_end.o)
    0x00000370   0x00000370   0x00000002   Code   RO         1141    .ARM.Collect$$libinit$$00000000  c_w.l(libinit.o)
    0x00000372   0x00000372   0x00000004   Code   RO         1142    .ARM.Collect$$libinit$$00000001  c_w.l(libinit2.o)
    0x00000376   0x00000376   0x00000000   Code   RO         1145    .ARM.Collect$$libinit$$00000004  c_w.l(libinit2.o)
    0x00000376   0x00000376   0x00000000   Code   RO         1147    .ARM.Collect$$libinit$$00000006  c_w.l(libinit2.o)
    0x00000376   0x00000376   0x00000008   Code   RO         1148    .ARM.Collect$$libinit$$00000007  c_w.l(libinit2.o)
    0x0000037e   0x0000037e   0x00000000   Code   RO         1150    .ARM.Collect$$libinit$$0000000C  c_w.l(libinit2.o)
    0x0000037e   0x0000037e   0x00000000   Code   RO         1152    .ARM.Collect$$libinit$$0000000E  c_w.l(libinit2.o)
    0x0000037e   0x0000037e   0x00000000   Code   RO         1154    .ARM.Collect$$libinit$$00000010  c_w.l(libinit2.o)
    0x0000037e   0x0000037e   0x00000006   Code   RO         1155    .ARM.Collect$$libinit$$00000011  c_w.l(libinit2.o)
    0x00000384   0x00000384   0x00000000   Code   RO         1157    .ARM.Collect$$libinit$$00000013  c_w.l(libinit2.o)
    0x00000384   0x00000384   0x0000000c   Code   RO         1158    .ARM.Collect$$libinit$$00000014  c_w.l(libinit2.o)
    0x00000390   0x00000390   0x00000000   Code   RO         1159    .ARM.Collect$$libinit$$00000015  c_w.l(libinit2.o)
    0x00000390   0x00000390   0x00000000   Code   RO         1161    .ARM.Collect$$libinit$$00000017  c_w.l(libinit2.o)
    0x00000390   0x00000390   0x0000000a   Code   RO         1162    .ARM.Collect$$libinit$$00000018  c_w.l(libinit2.o)
    0x0000039a   0x0000039a   0x00000000   Code   RO         1163    .ARM.Collect$$libinit$$00000019  c_w.l(libinit2.o)
    0x0000039a   0x0000039a   0x00000000   Code   RO         1165    .ARM.Collect$$libinit$$0000001B  c_w.l(libinit2.o)
    0x0000039a   0x0000039a   0x00000000   Code   RO         1167    .ARM.Collect$$libinit$$0000001D  c_w.l(libinit2.o)
    0x0000039a   0x0000039a   0x00000000   Code   RO         1169    .ARM.Collect$$libinit$$0000001F  c_w.l(libinit2.o)
    0x0000039a   0x0000039a   0x00000000   Code   RO         1171    .ARM.Collect$$libinit$$00000021  c_w.l(libinit2.o)
    0x0000039a   0x0000039a   0x00000000   Code   RO         1173    .ARM.Collect$$libinit$$00000023  c_w.l(libinit2.o)
    0x0000039a   0x0000039a   0x00000000   Code   RO         1175    .ARM.Collect$$libinit$$00000025  c_w.l(libinit2.o)
    0x0000039a   0x0000039a   0x00000004   Code   RO         1176    .ARM.Collect$$libinit$$00000026  c_w.l(libinit2.o)
    0x0000039e   0x0000039e   0x00000000   Code   RO         1177    .ARM.Collect$$libinit$$00000027  c_w.l(libinit2.o)
    0x0000039e   0x0000039e   0x00000000   Code   RO         1181    .ARM.Collect$$libinit$$0000002E  c_w.l(libinit2.o)
    0x0000039e   0x0000039e   0x00000000   Code   RO         1183    .ARM.Collect$$libinit$$00000030  c_w.l(libinit2.o)
    0x0000039e   0x0000039e   0x00000000   Code   RO         1185    .ARM.Collect$$libinit$$00000032  c_w.l(libinit2.o)
    0x0000039e   0x0000039e   0x00000000   Code   RO         1187    .ARM.Collect$$libinit$$00000034  c_w.l(libinit2.o)
    0x0000039e   0x0000039e   0x00000002   Code   RO         1188    .ARM.Collect$$libinit$$00000035  c_w.l(libinit2.o)
    0x000003a0   0x000003a0   0x00000002   Code   RO         1340    .ARM.Collect$$libshutdown$$00000000  c_w.l(libshutdown.o)
    0x000003a2   0x000003a2   0x00000000   Code   RO         1190    .ARM.Collect$$libshutdown$$00000002  c_w.l(libshutdown2.o)
    0x000003a2   0x000003a2   0x00000004   Code   RO         1191    .ARM.Collect$$libshutdown$$00000003  c_w.l(libshutdown2.o)
    0x000003a6   0x000003a6   0x00000000   Code   RO         1192    .ARM.Collect$$libshutdown$$00000004  c_w.l(libshutdown2.o)
    0x000003a6   0x000003a6   0x00000000   Code   RO         1195    .ARM.Collect$$libshutdown$$00000007  c_w.l(libshutdown2.o)
    0x000003a6   0x000003a6   0x00000000   Code   RO         1198    .ARM.Collect$$libshutdown$$0000000A  c_w.l(libshutdown2.o)
    0x000003a6   0x000003a6   0x00000000   Code   RO         1200    .ARM.Collect$$libshutdown$$0000000C  c_w.l(libshutdown2.o)
    0x000003a6   0x000003a6   0x00000004   Code   RO         1201    .ARM.Collect$$libshutdown$$0000000D  c_w.l(libshutdown2.o)
    0x000003aa   0x000003aa   0x00000000   Code   RO         1203    .ARM.Collect$$libshutdown$$0000000F  c_w.l(libshutdown2.o)
    0x000003aa   0x000003aa   0x00000002   Code   RO         1204    .ARM.Collect$$libshutdown$$00000010  c_w.l(libshutdown2.o)
    0x000003ac   0x000003ac   0x00000000   Code   RO          859    .ARM.Collect$$rtentry$$00000000  c_w.l(__rtentry.o)
    0x000003ac   0x000003ac   0x00000000   Code   RO          972    .ARM.Collect$$rtentry$$00000002  c_w.l(__rtentry2.o)
    0x000003ac   0x000003ac   0x00000006   Code   RO          984    .ARM.Collect$$rtentry$$00000004  c_w.l(__rtentry4.o)
    0x000003b2   0x000003b2   0x00000008   Code   RO          973    .ARM.Collect$$rtentry$$00000008  c_w.l(__rtentry2.o)
    0x000003ba   0x000003ba   0x00000004   Code   RO          975    .ARM.Collect$$rtentry$$0000000A  c_w.l(__rtentry2.o)
    0x000003be   0x000003be   0x00000000   Code   RO          977    .ARM.Collect$$rtentry$$0000000C  c_w.l(__rtentry2.o)
    0x000003be   0x000003be   0x00000008   Code   RO          978    .ARM.Collect$$rtentry$$0000000D  c_w.l(__rtentry2.o)
    0x000003c6   0x000003c6   0x00000002   Code   RO         1215    .ARM.Collect$$rtexit$$00000000  c_w.l(rtexit.o)
    0x000003c8   0x000003c8   0x00000000   Code   RO         1270    .ARM.Collect$$rtexit$$00000002  c_w.l(rtexit2.o)
    0x000003c8   0x000003c8   0x00000004   Code   RO         1271    .ARM.Collect$$rtexit$$00000003  c_w.l(rtexit2.o)
    0x000003cc   0x000003cc   0x00000006   Code   RO         1272    .ARM.Collect$$rtexit$$00000004  c_w.l(rtexit2.o)
    0x000003d2   0x000003d2   0x00000002   PAD
    0x000003d4   0x000003d4   0x00000114   Code   RO          340    .text               startup_tm4c123.o
    0x000004e8   0x000004e8   0x00000018   Code   RO          839    .text               c_w.l(printf.o)
    0x00000500   0x00000500   0x0000008a   Code   RO          845    .text               c_w.l(rt_memcpy_v6.o)
    0x0000058a   0x0000058a   0x00000010   Code   RO          847    .text               c_w.l(aeabi_memset4.o)
    0x0000059a   0x0000059a   0x00000044   Code   RO          849    .text               c_w.l(rt_memclr.o)
    0x000005de   0x000005de   0x00000002   PAD
    0x000005e0   0x000005e0   0x0000007c   Code   RO          851    .text               c_w.l(strcmpv7em.o)
    0x0000065c   0x0000065c   0x00000006   Code   RO          853    .text               c_w.l(heapauxi.o)
    0x00000662   0x00000662   0x0000004e   Code   RO          862    .text               c_w.l(_printf_pad.o)
    0x000006b0   0x000006b0   0x00000024   Code   RO          864    .text               c_w.l(_printf_truncate.o)
    0x000006d4   0x000006d4   0x00000052   Code   RO          866    .text               c_w.l(_printf_str.o)
    0x00000726   0x00000726   0x00000002   PAD
    0x00000728   0x00000728   0x00000078   Code   RO          868    .text               c_w.l(_printf_dec.o)
    0x000007a0   0x000007a0   0x00000028   Code   RO          870    .text               c_w.l(_printf_charcount.o)
    0x000007c8   0x000007c8   0x00000030   Code   RO          872    .text               c_w.l(_printf_char_common.o)
    0x000007f8   0x000007f8   0x000000bc   Code   RO          878    .text               c_w.l(_printf_wctomb.o)
    0x000008b4   0x000008b4   0x0000007c   Code   RO          881    .text               c_w.l(_printf_longlong_dec.o)
    0x00000930   0x00000930   0x00000070   Code   RO          887    .text               c_w.l(_printf_oct_int_ll.o)
    0x000009a0   0x000009a0   0x00000094   Code   RO          907    .text               c_w.l(_printf_hex_int_ll_ptr.o)
    0x00000a34   0x00000a34   0x00000188   Code   RO          927    .text               c_w.l(__printf_flags_ss_wp.o)
    0x00000bbc   0x00000bbc   0x00000064   Code   RO          959    .text               c_w.l(rt_memcpy_w.o)
    0x00000c20   0x00000c20   0x0000004e   Code   RO          961    .text               c_w.l(rt_memclr_w.o)
    0x00000c6e   0x00000c6e   0x0000008a   Code   RO          986    .text               c_w.l(lludiv10.o)
    0x00000cf8   0x00000cf8   0x000000b2   Code   RO          988    .text               c_w.l(_printf_intcommon.o)
    0x00000daa   0x00000daa   0x0000041c   Code   RO          990    .text               c_w.l(_printf_fp_dec.o)
    0x000011c6   0x000011c6   0x00000002   PAD
    0x000011c8   0x000011c8   0x000002fc   Code   RO          994    .text               c_w.l(_printf_fp_hex.o)
    0x000014c4   0x000014c4   0x0000002c   Code   RO          999    .text               c_w.l(_printf_char.o)
    0x000014f0   0x000014f0   0x0000002c   Code   RO         1001    .text               c_w.l(_printf_wchar.o)
    0x0000151c   0x0000151c   0x000001c8   Code   RO         1016    .text               c_w.l(initio_locked.o)
    0x000016e4   0x000016e4   0x00000048   Code   RO         1018    .text               c_w.l(_c16rtomb.o)
    0x0000172c   0x0000172c   0x0000004a   Code   RO         1020    .text               c_w.l(sys_stackheap_outer.o)
    0x00001776   0x00001776   0x00000002   PAD
    0x00001778   0x00001778   0x00000010   Code   RO         1022    .text               c_w.l(rt_ctype_table.o)
    0x00001788   0x00001788   0x0000000a   Code   RO         1029    .text               c_w.l(rt_locale_twolibspace.o)
    0x00001792   0x00001792   0x00000076   Code   RO         1035    .text               c_w.l(h1_free_threads.o)
    0x00001808   0x00001808   0x00000080   Code   RO         1087    .text               c_w.l(_printf_fp_infnan.o)
    0x00001888   0x00001888   0x000000e4   Code   RO         1089    .text               c_w.l(bigflt0.o)
    0x0000196c   0x0000196c   0x000001e2   Code   RO         1116    .text               c_w.l(flsbuf.o)
    0x00001b4e   0x00001b4e   0x0000004c   Code   RO         1123    .text               c_w.l(fclose.o)
    0x00001b9a   0x00001b9a   0x00000068   Code   RO         1125    .text               c_w.l(setvbuf_locked.o)
    0x00001c02   0x00001c02   0x00000002   PAD
    0x00001c04   0x00001c04   0x0000014c   Code   RO         1127    .text               c_w.l(fopen_locked.o)
    0x00001d50   0x00001d50   0x00000012   Code   RO         1132    .text               c_w.l(exit.o)
    0x00001d62   0x00001d62   0x0000000e   Code   RO         1134    .text               c_w.l(defsig_rtred_outer.o)
    0x00001d70   0x00001d70   0x00000008   Code   RO         1212    .text               c_w.l(libspace.o)
    0x00001d78   0x00001d78   0x0000000a   Code   RO         1224    .text               c_w.l(rt_heap_descriptor_twolibspace.o)
    0x00001d82   0x00001d82   0x00000004   Code   RO         1226    .text               c_w.l(hguard.o)
    0x00001d86   0x00001d86   0x0000008a   Code   RO         1228    .text               c_w.l(init_alloc.o)
    0x00001e10   0x00001e10   0x000000a6   Code   RO         1236    .text               c_w.l(h1_alloc_threads.o)
    0x00001eb6   0x00001eb6   0x00000002   PAD
    0x00001eb8   0x00001eb8   0x00000040   Code   RO         1246    .text               c_w.l(_printf_char_file_locked.o)
    0x00001ef8   0x00001ef8   0x000000f8   Code   RO         1250    .text               c_w.l(fseek.o)
    0x00001ff0   0x00001ff0   0x00000108   Code   RO         1252    .text               c_w.l(stdio.o)
    0x000020f8   0x000020f8   0x0000000a   Code   RO         1261    .text               c_w.l(defsig_exit.o)
    0x00002102   0x00002102   0x00000002   PAD
    0x00002104   0x00002104   0x00000034   Code   RO         1263    .text               c_w.l(defsig_rtred_inner.o)
    0x00002138   0x00002138   0x00000000   Code   RO         1277    .text               c_w.l(maybetermalloc2.o)
    0x00002138   0x00002138   0x00000012   Code   RO         1282    .text               c_w.l(h1_init_threads.o)
    0x0000214a   0x0000214a   0x00000052   Code   RO         1284    .text               c_w.l(h1_extend_threads.o)
    0x0000219c   0x0000219c   0x00000042   Code   RO         1292    .text               c_w.l(ftell.o)
    0x000021de   0x000021de   0x00000032   Code   RO         1300    .text               c_w.l(defsig_general.o)
    0x00002210   0x00002210   0x0000000e   Code   RO         1302    .text               c_w.l(defsig_rtmem_outer.o)
    0x0000221e   0x0000221e   0x0000000e   Code   RO         1315    .text               c_w.l(sys_wrch.o)
    0x0000222c   0x0000222c   0x00000004   Code   RO         1328    .text               c_w.l(rt_errno_addr_twolibspace.o)
    0x00002230   0x00002230   0x00000010   Code   RO         1332    .text               c_w.l(term_alloc.o)
    0x00002240   0x00002240   0x00000050   Code   RO         1334    .text               c_w.l(defsig_rtmem_inner.o)
    0x00002290   0x00002290   0x00000002   Code   RO         1341    .text               c_w.l(use_no_semi.o)
    0x00002292   0x00002292   0x00000000   Code   RO         1343    .text               c_w.l(indicate_semi.o)
    0x00002292   0x00002292   0x0000000a   Code   RO         1346    .text               c_w.l(h1_final_threads.o)
    0x0000229c   0x0000229c   0x00000016   Code   RO           86    .text.$Sub$$_fp_init  clib_os.o
    0x000022b2   0x000022b2   0x00000002   PAD
    0x000022b4   0x000022b4   0x00000010   Code   RO           10    .text.Btn_PB0       main.o
    0x000022c4   0x000022c4   0x00000010   Code   RO           12    .text.Btn_PB1       main.o
    0x000022d4   0x000022d4   0x00000010   Code   RO           14    .text.Btn_PD0       main.o
    0x000022e4   0x000022e4   0x00000010   Code   RO           16    .text.Btn_PD1       main.o
    0x000022f4   0x000022f4   0x00000010   Code   RO            8    .text.Btn_PE1       main.o
    0x00002304   0x00002304   0x00000010   Code   RO            6    .text.Btn_PF0       main.o
    0x00002314   0x00002314   0x00000016   Code   RO            4    .text.Btn_PF4       main.o
    0x0000232a   0x0000232a   0x00000002   PAD
    0x0000232c   0x0000232c   0x00000022   Code   RO           18    .text.Debug_PrintState  main.o
    0x0000234e   0x0000234e   0x00000002   PAD
    0x00002350   0x00002350   0x000001e8   Code   RO           28    .text.GPIO_Init     main.o
    0x00002538   0x00002538   0x0000024c   Code   RO           22    .text.GateTask      main.o
    0x00002784   0x00002784   0x00000078   Code   RO           30    .text.GetStateName  main.o
    0x000027fc   0x000027fc   0x00000042   Code   RO          304    .text.ITM_SendChar  retarget_io.o
    0x0000283e   0x0000283e   0x00000002   PAD
    0x00002840   0x00002840   0x000002d4   Code   RO            2    .text.InputTask     main.o
    0x00002b14   0x00002b14   0x000000a2   Code   RO           24    .text.LEDTask       main.o
    0x00002bb6   0x00002bb6   0x00000002   PAD
    0x00002bb8   0x00002bb8   0x00000060   Code   RO          426    .text.PendSV_Handler  port.o
    0x00002c18   0x00002c18   0x00000020   Code   RO          422    .text.SVC_Handler   port.o
    0x00002c38   0x00002c38   0x000000ea   Code   RO           20    .text.SafetyTask    main.o
    0x00002d22   0x00002d22   0x00000002   PAD
    0x00002d24   0x00002d24   0x0000001e   Code   RO          113    .text.SysTick_Handler  cmsis_os2.o
    0x00002d42   0x00002d42   0x00000002   PAD
    0x00002d44   0x00002d44   0x0000010c   Code   RO          351    .text.SystemInit    system_tm4c123.o
    0x00002e50   0x00002e50   0x000000ba   Code   RO           88    .text.__user_perthread_libspace  clib_os.o
    0x00002f0a   0x00002f0a   0x00000002   PAD
    0x00002f0c   0x00002f0c   0x00000028   Code   RO           94    .text._mutex_acquire  clib_os.o
    0x00002f34   0x00002f34   0x00000054   Code   RO          100    .text._mutex_free   clib_os.o
    0x00002f88   0x00002f88   0x000000a8   Code   RO           92    .text._mutex_initialize  clib_os.o
    0x00003030   0x00003030   0x0000002a   Code   RO           98    .text._mutex_release  clib_os.o
    0x0000305a   0x0000305a   0x00000002   PAD
    0x0000305c   0x0000305c   0x00000002   Code   RO           84    .text._platform_post_stackheap_init  clib_os.o
    0x0000305e   0x0000305e   0x00000002   PAD
    0x00003060   0x00003060   0x0000004a   Code   RO          310    .text._sys_close    retarget_io.o
    0x000030aa   0x000030aa   0x00000002   PAD
    0x000030ac   0x000030ac   0x0000000a   Code   RO           75    .text._sys_exit     retarget.o
    0x000030b6   0x000030b6   0x00000002   PAD
    0x000030b8   0x000030b8   0x00000048   Code   RO          324    .text._sys_flen     retarget_io.o
    0x00003100   0x00003100   0x00000048   Code   RO          320    .text._sys_istty    retarget_io.o
    0x00003148   0x00003148   0x00000084   Code   RO          308    .text._sys_open     retarget_io.o
    0x000031cc   0x000031cc   0x00000052   Code   RO          322    .text._sys_seek     retarget_io.o
    0x0000321e   0x0000321e   0x00000002   PAD
    0x00003220   0x00003220   0x00000076   Code   RO          312    .text._sys_write    retarget_io.o
    0x00003296   0x00003296   0x00000002   PAD
    0x00003298   0x00003298   0x00000020   Code   RO           96    .text.is_thread_mode  clib_os.o
    0x000032b8   0x000032b8   0x00000112   Code   RO           26    .text.main          main.o
    0x000033ca   0x000033ca   0x00000002   PAD
    0x000033cc   0x000033cc   0x00000020   Code   RO           90    .text.os_kernel_is_active  clib_os.o
    0x000033ec   0x000033ec   0x0000010e   Code   RO          597    .text.prvAddCurrentTaskToDelayedList  tasks.o
    0x000034fa   0x000034fa   0x00000002   PAD
    0x000034fc   0x000034fc   0x00000170   Code   RO          581    .text.prvAddNewTaskToReadyList  tasks.o
    0x0000366c   0x0000366c   0x0000007e   Code   RO          759    .text.prvCheckForValidListAndQueue  timers.o
    0x000036ea   0x000036ea   0x00000002   PAD
    0x000036ec   0x000036ec   0x0000005a   Code   RO          631    .text.prvCheckTasksWaitingTermination  tasks.o
    0x00003746   0x00003746   0x00000002   PAD
    0x00003748   0x00003748   0x00000042   Code   RO          534    .text.prvCopyDataFromQueue  queue.o
    0x0000378a   0x0000378a   0x00000002   PAD
    0x0000378c   0x0000378c   0x000000cc   Code   RO          522    .text.prvCopyDataToQueue  queue.o
    0x00003858   0x00003858   0x000000d8   Code   RO          627    .text.prvCreateIdleTasks  tasks.o
    0x00003930   0x00003930   0x000000aa   Code   RO          579    .text.prvCreateStaticTask  tasks.o
    0x000039da   0x000039da   0x00000002   PAD
    0x000039dc   0x000039dc   0x0000008e   Code   RO          585    .text.prvCreateTask  tasks.o
    0x00003a6a   0x00003a6a   0x00000002   PAD
    0x00003a6c   0x00003a6c   0x00000050   Code   RO          591    .text.prvDeleteTCB  tasks.o
    0x00003abc   0x00003abc   0x00000026   Code   RO          538    .text.prvGetHighestPriorityOfWaitToReceiveList  queue.o
    0x00003ae2   0x00003ae2   0x00000002   PAD
    0x00003ae4   0x00003ae4   0x00000040   Code   RO          805    .text.prvGetNextExpireTime  timers.o
    0x00003b24   0x00003b24   0x000000aa   Code   RO          456    .text.prvHeapInit   heap_4.o
    0x00003bce   0x00003bce   0x00000002   PAD
    0x00003bd0   0x00003bd0   0x00000038   Code   RO          721    .text.prvIdleTask   tasks.o
    0x00003c08   0x00003c08   0x0000002c   Code   RO          502    .text.prvInitialiseMutex  queue.o
    0x00003c34   0x00003c34   0x00000048   Code   RO          494    .text.prvInitialiseNewQueue  queue.o
    0x00003c7c   0x00003c7c   0x00000108   Code   RO          717    .text.prvInitialiseNewTask  tasks.o
    0x00003d84   0x00003d84   0x0000008e   Code   RO          719    .text.prvInitialiseTaskLists  tasks.o
    0x00003e12   0x00003e12   0x00000002   PAD
    0x00003e14   0x00003e14   0x00000118   Code   RO          460    .text.prvInsertBlockIntoFreeList  heap_4.o
    0x00003f2c   0x00003f2c   0x00000086   Code   RO          819    .text.prvInsertTimerInActiveList  timers.o
    0x00003fb2   0x00003fb2   0x00000002   PAD
    0x00003fb4   0x00003fb4   0x00000028   Code   RO          536    .text.prvIsQueueEmpty  queue.o
    0x00003fdc   0x00003fdc   0x0000002e   Code   RO          524    .text.prvIsQueueFull  queue.o
    0x0000400a   0x0000400a   0x00000002   PAD
    0x0000400c   0x0000400c   0x00000028   Code   RO          432    .text.prvPortStartFirstTask  port.o
    0x00004034   0x00004034   0x00000054   Code   RO          813    .text.prvProcessExpiredTimer  timers.o
    0x00004088   0x00004088   0x0000017a   Code   RO          809    .text.prvProcessReceivedCommands  timers.o
    0x00004202   0x00004202   0x00000002   PAD
    0x00004204   0x00004204   0x0000009a   Code   RO          807    .text.prvProcessTimerOrBlockTask  timers.o
    0x0000429e   0x0000429e   0x00000002   PAD
    0x000042a0   0x000042a0   0x00000034   Code   RO          817    .text.prvReloadTimer  timers.o
    0x000042d4   0x000042d4   0x0000003c   Code   RO          589    .text.prvResetNextTaskUnblockTime  tasks.o
    0x00004310   0x00004310   0x00000044   Code   RO          811    .text.prvSampleTimeNow  timers.o
    0x00004354   0x00004354   0x00000052   Code   RO          815    .text.prvSwitchTimerLists  timers.o
    0x000043a6   0x000043a6   0x00000002   PAD
    0x000043a8   0x000043a8   0x0000003e   Code   RO          420    .text.prvTaskExitError  port.o
    0x000043e6   0x000043e6   0x00000002   PAD
    0x000043e8   0x000043e8   0x0000001e   Code   RO          761    .text.prvTimerTask  timers.o
    0x00004406   0x00004406   0x00000002   PAD
    0x00004408   0x00004408   0x000000ae   Code   RO          526    .text.prvUnlockQueue  queue.o
    0x000044b6   0x000044b6   0x00000002   PAD
    0x000044b8   0x000044b8   0x000002b8   Code   RO          454    .text.pvPortMalloc  heap_4.o
    0x00004770   0x00004770   0x00000024   Code   RO          695    .text.pvTaskIncrementMutexHeldCount  tasks.o
    0x00004794   0x00004794   0x0000005e   Code   RO          418    .text.pxPortInitialiseStack  port.o
    0x000047f2   0x000047f2   0x00000002   PAD
    0x000047f4   0x000047f4   0x00000010   Code   RO          314    .text.stdout_putchar  retarget_io.o
    0x00004804   0x00004804   0x00000048   Code   RO          409    .text.uxListRemove  list.o
    0x0000484c   0x0000484c   0x0000002a   Code   RO          711    .text.vApplicationGetIdleTaskMemory  tasks.o
    0x00004876   0x00004876   0x00000002   PAD
    0x00004878   0x00004878   0x0000002a   Code   RO          713    .text.vApplicationGetTimerTaskMemory  tasks.o
    0x000048a2   0x000048a2   0x00000002   PAD
    0x000048a4   0x000048a4   0x00000010   Code   RO          267    .text.vApplicationStackOverflowHook  cmsis_os2.o
    0x000048b4   0x000048b4   0x0000002e   Code   RO          401    .text.vListInitialise  list.o
    0x000048e2   0x000048e2   0x00000002   PAD
    0x000048e4   0x000048e4   0x0000000e   Code   RO          403    .text.vListInitialiseItem  list.o
    0x000048f2   0x000048f2   0x00000002   PAD
    0x000048f4   0x000048f4   0x0000006a   Code   RO          407    .text.vListInsert   list.o
    0x0000495e   0x0000495e   0x00000002   PAD
    0x00004960   0x00004960   0x00000014   Code   RO          430    .text.vPortEnableVFP  port.o
    0x00004974   0x00004974   0x00000048   Code   RO          436    .text.vPortEnterCritical  port.o
    0x000049bc   0x000049bc   0x0000003c   Code   RO          438    .text.vPortExitCritical  port.o
    0x000049f8   0x000049f8   0x000000de   Code   RO          458    .text.vPortFree     heap_4.o
    0x00004ad6   0x00004ad6   0x00000002   PAD
    0x00004ad8   0x00004ad8   0x0000002a   Code   RO          428    .text.vPortSetupTimerInterrupt  port.o
    0x00004b02   0x00004b02   0x00000002   PAD
    0x00004b04   0x00004b04   0x00000030   Code   RO          552    .text.vQueueDelete  queue.o
    0x00004b34   0x00004b34   0x00000064   Code   RO          568    .text.vQueueWaitForMessageRestricted  queue.o
    0x00004b98   0x00004b98   0x00000062   Code   RO          601    .text.vTaskDelay    tasks.o
    0x00004bfa   0x00004bfa   0x00000002   PAD
    0x00004bfc   0x00004bfc   0x00000024   Code   RO          665    .text.vTaskInternalSetTimeOutState  tasks.o
    0x00004c20   0x00004c20   0x0000000e   Code   RO          669    .text.vTaskMissedYield  tasks.o
    0x00004c2e   0x00004c2e   0x00000002   PAD
    0x00004c30   0x00004c30   0x00000034   Code   RO          653    .text.vTaskPlaceOnEventList  tasks.o
    0x00004c64   0x00004c64   0x00000072   Code   RO          657    .text.vTaskPlaceOnEventListRestricted  tasks.o
    0x00004cd6   0x00004cd6   0x00000002   PAD
    0x00004cd8   0x00004cd8   0x00000166   Code   RO          691    .text.vTaskPriorityDisinheritAfterTimeout  tasks.o
    0x00004e3e   0x00004e3e   0x00000002   PAD
    0x00004e40   0x00004e40   0x00000082   Code   RO          625    .text.vTaskStartScheduler  tasks.o
    0x00004ec2   0x00004ec2   0x00000002   PAD
    0x00004ec4   0x00004ec4   0x00000010   Code   RO          595    .text.vTaskSuspendAll  tasks.o
    0x00004ed4   0x00004ed4   0x00000138   Code   RO          617    .text.vTaskSwitchContext  tasks.o
    0x0000500c   0x0000500c   0x000001ac   Code   RO          424    .text.xPortStartScheduler  port.o
    0x000051b8   0x000051b8   0x0000003e   Code   RO          440    .text.xPortSysTickHandler  port.o
    0x000051f6   0x000051f6   0x00000002   PAD
    0x000051f8   0x000051f8   0x00000026   Code   RO          500    .text.xQueueCreateMutex  queue.o
    0x0000521e   0x0000521e   0x00000002   PAD
    0x00005220   0x00005220   0x00000032   Code   RO          504    .text.xQueueCreateMutexStatic  queue.o
    0x00005252   0x00005252   0x00000002   PAD
    0x00005254   0x00005254   0x00000094   Code   RO          498    .text.xQueueGenericCreate  queue.o
    0x000052e8   0x000052e8   0x0000009e   Code   RO          492    .text.xQueueGenericCreateStatic  queue.o
    0x00005386   0x00005386   0x00000002   PAD
    0x00005388   0x00005388   0x000000ec   Code   RO          490    .text.xQueueGenericReset  queue.o
    0x00005474   0x00005474   0x000001f4   Code   RO          512    .text.xQueueGenericSend  queue.o
    0x00005668   0x00005668   0x000001b2   Code   RO          532    .text.xQueueReceive  queue.o
    0x0000581a   0x0000581a   0x00000002   PAD
    0x0000581c   0x0000581c   0x000001e6   Code   RO          516    .text.xQueueSemaphoreTake  queue.o
    0x00005a02   0x00005a02   0x00000002   PAD
    0x00005a04   0x00005a04   0x000000e0   Code   RO          667    .text.xTaskCheckForTimeOut  tasks.o
    0x00005ae4   0x00005ae4   0x00000052   Code   RO          583    .text.xTaskCreate   tasks.o
    0x00005b36   0x00005b36   0x00000002   PAD
    0x00005b38   0x00005b38   0x0000005c   Code   RO          577    .text.xTaskCreateStatic  tasks.o
    0x00005b94   0x00005b94   0x00000014   Code   RO          681    .text.xTaskGetCurrentTaskHandle  tasks.o
    0x00005ba8   0x00005ba8   0x00000038   Code   RO          685    .text.xTaskGetSchedulerState  tasks.o
    0x00005be0   0x00005be0   0x00000014   Code   RO          635    .text.xTaskGetTickCount  tasks.o
    0x00005bf4   0x00005bf4   0x00000276   Code   RO          633    .text.xTaskIncrementTick  tasks.o
    0x00005e6a   0x00005e6a   0x00000002   PAD
    0x00005e6c   0x00005e6c   0x0000011e   Code   RO          689    .text.xTaskPriorityDisinherit  tasks.o
    0x00005f8a   0x00005f8a   0x00000002   PAD
    0x00005f8c   0x00005f8c   0x0000015c   Code   RO          687    .text.xTaskPriorityInherit  tasks.o
    0x000060e8   0x000060e8   0x000001a2   Code   RO          659    .text.xTaskRemoveFromEventList  tasks.o
    0x0000628a   0x0000628a   0x00000002   PAD
    0x0000628c   0x0000628c   0x00000248   Code   RO          599    .text.xTaskResumeAll  tasks.o
    0x000064d4   0x000064d4   0x00000086   Code   RO          757    .text.xTimerCreateTimerTask  timers.o
    0x0000655a   0x0000655a   0x0000003e   Code   RO         1092    CL$$btod_d2e        c_w.l(btod.o)
    0x00006598   0x00006598   0x00000046   Code   RO         1094    CL$$btod_d2e_denorm_low  c_w.l(btod.o)
    0x000065de   0x000065de   0x00000060   Code   RO         1093    CL$$btod_d2e_norm_op1  c_w.l(btod.o)
    0x0000663e   0x0000663e   0x00000002   PAD
    0x00006640   0x00006640   0x00000338   Code   RO         1102    CL$$btod_div_common  c_w.l(btod.o)
    0x00006978   0x00006978   0x000000dc   Code   RO         1099    CL$$btod_e2e        c_w.l(btod.o)
    0x00006a54   0x00006a54   0x0000002a   Code   RO         1096    CL$$btod_ediv       c_w.l(btod.o)
    0x00006a7e   0x00006a7e   0x0000002a   Code   RO         1095    CL$$btod_emul       c_w.l(btod.o)
    0x00006aa8   0x00006aa8   0x00000244   Code   RO         1101    CL$$btod_mult_common  c_w.l(btod.o)
    0x00006cec   0x00006cec   0x00000030   Code   RO         1210    i.__ARM_fpclassify  m_wm.l(fpclassify.o)
    0x00006d1c   0x00006d1c   0x0000000e   Code   RO          920    i._is_digit         c_w.l(__printf_wp.o)
    0x00006d2a   0x00006d2a   0x0000001c   Code   RO         1007    i.fputc             c_w.l(fputc.o)
    0x00006d46   0x00006d46   0x00000002   PAD
    0x00006d48   0x00006d48   0x0000002c   Code   RO         1130    locale$$code        c_w.l(lc_numeric_c.o)
    0x00006d74   0x00006d74   0x0000002c   Code   RO         1259    locale$$code        c_w.l(lc_ctype_c.o)
    0x00006da0   0x00006da0   0x0000001a   Code   RO          857    x$fpl$fpinit        fz_wm.l(fpinit.o)
    0x00006dba   0x00006dba   0x00000004   Code   RO          963    x$fpl$printf1       fz_wm.l(printf1.o)
    0x00006dbe   0x00006dbe   0x00000004   Code   RO          965    x$fpl$printf2       fz_wm.l(printf2.o)
    0x00006dc2   0x00006dc2   0x00000000   Code   RO         1209    x$fpl$usenofp       fz_wm.l(usenofp.o)
    0x00006dc2   0x00006dc2   0x00000002   PAD
    0x00006dc4   0x00006dc4   0x00000008   Data   RO          879    .constdata          c_w.l(_printf_wctomb.o)
    0x00006dcc   0x00006dcc   0x00000028   Data   RO          908    .constdata          c_w.l(_printf_hex_int_ll_ptr.o)
    0x00006df4   0x00006df4   0x00000011   Data   RO          928    .constdata          c_w.l(__printf_flags_ss_wp.o)
    0x00006e05   0x00006e05   0x00000026   Data   RO          995    .constdata          c_w.l(_printf_fp_hex.o)
    0x00006e2b   0x00006e2b   0x00000001   PAD
    0x00006e2c   0x00006e2c   0x00000094   Data   RO         1090    .constdata          c_w.l(bigflt0.o)
    0x00006ec0   0x00006ec0   0x00000008   Data   RO          329    .rodata.__stderr_name  retarget_io.o
    0x00006ec8   0x00006ec8   0x00000007   Data   RO          327    .rodata.__stdin_name  retarget_io.o
    0x00006ecf   0x00006ecf   0x00000008   Data   RO          328    .rodata.__stdout_name  retarget_io.o
    0x00006ed7   0x00006ed7   0x000000a7   Data   RO           39    .rodata.str1.1      main.o
    0x00006f7e   0x00006f7e   0x00000017   Data   RO          330    .rodata.str1.1      retarget_io.o
    0x00006f95   0x00006f95   0x00000005   Data   RO          749    .rodata.str1.1      tasks.o
    0x00006f9a   0x00006f9a   0x00000008   Data   RO          822    .rodata.str1.1      timers.o
    0x00006fa2   0x00006fa2   0x00000002   PAD
    0x00006fa4   0x00006fa4   0x00000004   Data   RO          740    .rodata.uxTopUsedPriority  tasks.o
    0x00006fa8   0x00006fa8   0x00000020   Data   RO         1363    Region$$Table       anon$$obj.o
    0x00006fc8   0x00006fc8   0x0000001c   Data   RO         1129    locale$$data        c_w.l(lc_numeric_c.o)
    0x00006fe4   0x00006fe4   0x00000110   Data   RO         1258    locale$$data        c_w.l(lc_ctype_c.o)


    Execution Region RW_IRAM1 (Exec base: 0x20000000, Load base: 0x000070f8, Size: 0x000031d8, Max: 0x00008000, ABSOLUTE)

    Exec Addr    Load Addr    Size         Type   Attr      Idx    E Section Name        Object

    0x20000000   0x000070f8   0x00000004   Data   RW          956    .data               c_w.l(stdio_streams.o)
    0x20000004   0x000070fc   0x00000004   Data   RW          957    .data               c_w.l(stdio_streams.o)
    0x20000008   0x00007100   0x00000004   Data   RW          958    .data               c_w.l(stdio_streams.o)
    0x2000000c   0x00007104   0x00000004   Data   RW         1120    .data               c_w.l(streamlock.o)
    0x20000010   0x00007108   0x00000001   Data   RW           32    .data.gateState     main.o
    0x20000011   0x00007109   0x00000003   PAD
    0x20000014   0x0000710c   0x00000004   Data   RW          446    .data.uxCriticalNesting  port.o
    0x20000018        -       0x00000054   Zero   RW          953    .bss                c_w.l(stdio_streams.o)
    0x2000006c        -       0x00000054   Zero   RW          954    .bss                c_w.l(stdio_streams.o)
    0x200000c0        -       0x00000054   Zero   RW          955    .bss                c_w.l(stdio_streams.o)
    0x20000114        -       0x00000060   Zero   RW         1213    .bss                c_w.l(libspace.o)
    0x20000174        -       0x00000190   Zero   RW          105    .bss.clib_mutex_cb  clib_os.o
    0x20000304        -       0x00000014   Zero   RW          104    .bss.clib_mutex_id  clib_os.o
    0x20000318        -       0x00000001   Zero   RW           34    .bss.hitCloseLimit  main.o
    0x20000319        -       0x00000001   Zero   RW           33    .bss.hitOpenLimit   main.o
    0x2000031a   0x00007110   0x00000002   PAD
    0x2000031c        -       0x000001e0   Zero   RW          102    .bss.os_libspace    clib_os.o
    0x200004fc        -       0x00000010   Zero   RW          103    .bss.os_libspace_id  clib_os.o
    0x2000050c        -       0x00000050   Zero   RW          830    .bss.prvCheckForValidListAndQueue.ucStaticTimerQueueStorage  timers.o
    0x2000055c        -       0x00000050   Zero   RW          829    .bss.prvCheckForValidListAndQueue.xStaticTimerQueue  timers.o
    0x200005ac        -       0x00000004   Zero   RW          826    .bss.prvSampleTimeNow.xLastTime  timers.o
    0x200005b0        -       0x00000004   Zero   RW          723    .bss.pxCurrentTCB   tasks.o
    0x200005b4        -       0x00000004   Zero   RW          824    .bss.pxCurrentTimerList  timers.o
    0x200005b8        -       0x00000004   Zero   RW          731    .bss.pxDelayedTaskList  tasks.o
    0x200005bc        -       0x00000004   Zero   RW          476    .bss.pxEnd          heap_4.o
    0x200005c0        -       0x00000004   Zero   RW          732    .bss.pxOverflowDelayedTaskList  tasks.o
    0x200005c4        -       0x00000004   Zero   RW          825    .bss.pxOverflowTimerList  timers.o
    0x200005c8        -       0x00000460   Zero   RW          735    .bss.pxReadyTasksLists  tasks.o
    0x20000a28        -       0x00002000   Zero   RW          479    .bss.ucHeap         heap_4.o
    0x20002a28        -       0x00000001   Zero   RW          444    .bss.ucMaxSysCallPriority  port.o
    0x20002a29   0x00007110   0x00000003   PAD
    0x20002a2c        -       0x00000004   Zero   RW          445    .bss.ulMaxPRIGROUPValue  port.o
    0x20002a30        -       0x00000004   Zero   RW          728    .bss.uxCurrentNumberOfTasks  tasks.o
    0x20002a34        -       0x00000004   Zero   RW          727    .bss.uxDeletedTasksWaitingCleanUp  tasks.o
    0x20002a38        -       0x00000004   Zero   RW          729    .bss.uxSchedulerSuspended  tasks.o
    0x20002a3c        -       0x00000004   Zero   RW          724    .bss.uxTaskNumber   tasks.o
    0x20002a40        -       0x00000004   Zero   RW          736    .bss.uxTopReadyPriority  tasks.o
    0x20002a44        -       0x00000200   Zero   RW          744    .bss.vApplicationGetIdleTaskMemory.uxIdleTaskStack  tasks.o
    0x20002c44        -       0x0000005c   Zero   RW          743    .bss.vApplicationGetIdleTaskMemory.xIdleTaskTCB  tasks.o
    0x20002ca0        -       0x00000200   Zero   RW          746    .bss.vApplicationGetTimerTaskMemory.uxTimerTaskStack  tasks.o
    0x20002ea0        -       0x0000005c   Zero   RW          745    .bss.vApplicationGetTimerTaskMemory.xTimerTaskTCB  tasks.o
    0x20002efc        -       0x00000014   Zero   RW          827    .bss.xActiveTimerList1  timers.o
    0x20002f10        -       0x00000014   Zero   RW          828    .bss.xActiveTimerList2  timers.o
    0x20002f24        -       0x00000014   Zero   RW          747    .bss.xDelayedTaskList1  tasks.o
    0x20002f38        -       0x00000014   Zero   RW          748    .bss.xDelayedTaskList2  tasks.o
    0x20002f4c        -       0x00000004   Zero   RW           36    .bss.xEventQueue    main.o
    0x20002f50        -       0x00000004   Zero   RW          477    .bss.xFreeBytesRemaining  heap_4.o
    0x20002f54        -       0x00000004   Zero   RW          739    .bss.xIdleTaskHandles  tasks.o
    0x20002f58        -       0x00000004   Zero   RW           37    .bss.xLimitSemaphore  main.o
    0x20002f5c        -       0x00000004   Zero   RW          480    .bss.xMinimumEverFreeBytesRemaining  heap_4.o
    0x20002f60        -       0x00000004   Zero   RW          738    .bss.xNextTaskUnblockTime  tasks.o
    0x20002f64        -       0x00000004   Zero   RW          742    .bss.xNumOfOverflows  tasks.o
    0x20002f68        -       0x00000004   Zero   RW          481    .bss.xNumberOfSuccessfulAllocations  heap_4.o
    0x20002f6c        -       0x00000004   Zero   RW          482    .bss.xNumberOfSuccessfulFrees  heap_4.o
    0x20002f70        -       0x00000004   Zero   RW          741    .bss.xPendedTicks   tasks.o
    0x20002f74        -       0x00000014   Zero   RW          733    .bss.xPendingReadyList  tasks.o
    0x20002f88        -       0x00000004   Zero   RW           38    .bss.xSafetyQueue   main.o
    0x20002f8c        -       0x00000004   Zero   RW          725    .bss.xSchedulerRunning  tasks.o
    0x20002f90        -       0x00000008   Zero   RW          478    .bss.xStart         heap_4.o
    0x20002f98        -       0x00000004   Zero   RW           35    .bss.xStateMutex    main.o
    0x20002f9c        -       0x00000014   Zero   RW          734    .bss.xSuspendedTaskList  tasks.o
    0x20002fb0        -       0x00000014   Zero   RW          726    .bss.xTasksWaitingTermination  tasks.o
    0x20002fc4        -       0x00000004   Zero   RW          730    .bss.xTickCount     tasks.o
    0x20002fc8        -       0x00000004   Zero   RW          821    .bss.xTimerQueue    timers.o
    0x20002fcc        -       0x00000004   Zero   RW          823    .bss.xTimerTaskHandle  timers.o
    0x20002fd0        -       0x00000004   Zero   RW          737    .bss.xYieldPendings  tasks.o
    0x20002fd4   0x00007110   0x00000004   PAD
    0x20002fd8        -       0x00000000   Zero   RW          338    HEAP                startup_tm4c123.o
    0x20002fd8        -       0x00000200   Zero   RW          337    STACK               startup_tm4c123.o


==============================================================================

Image component sizes


      Code (inc. data)   RO Data    RW Data    ZI Data      Debug   Object Name

       608          0          0          0        916       4147   clib_os.o
        46          0          0          0          0      29664   cmsis_os2.o
      1368          0          0          0       8220       4721   heap_4.o
       238          0          0          0          0       2233   list.o
      2742         14        167          1         18       5008   main.o
      1008         16          0          4          5       3631   port.o
      2882          0          0          0          0      15349   queue.o
        10          0          0          0          0       1693   retarget.o
       632          0         46          0          0       3118   retarget_io.o
       276         24        620          0        512       5464   startup_tm4c123.o
       268          0          0          0          0       6735   system_tm4c123.o
      5868          0          9          0       2488      27855   tasks.o
      1306         10          8          0        220      11363   timers.o

    ----------------------------------------------------------------------
     17362         64        884          8      12388     120981   Object Totals
         0          0         32          0          0          0   (incl. Generated)
       110          0          2          3          9          0   (incl. Padding)

    ----------------------------------------------------------------------

      Code (inc. data)   RO Data    RW Data    ZI Data      Debug   Library Member Name

         8          0          0          0          0         68   __main.o
       392          4         17          0          0         92   __printf_flags_ss_wp.o
        14          0          0          0          0         68   __printf_wp.o
         0          0          0          0          0          0   __rtentry.o
        20          0          0          0          0          0   __rtentry2.o
         6          0          0          0          0          0   __rtentry4.o
        52          8          0          0          0          0   __scatter.o
        26          0          0          0          0          0   __scatter_copy.o
        28          0          0          0          0          0   __scatter_zi.o
        72          0          0          0          0         96   _c16rtomb.o
         6          0          0          0          0          0   _printf_a.o
         6          0          0          0          0          0   _printf_c.o
        44          0          0          0          0        108   _printf_char.o
        48          6          0          0          0         96   _printf_char_common.o
        64          6          0          0          0         84   _printf_char_file_locked.o
        40          0          0          0          0         68   _printf_charcount.o
         6          0          0          0          0          0   _printf_d.o
       120         16          0          0          0         92   _printf_dec.o
         6          0          0          0          0          0   _printf_e.o
         6          0          0          0          0          0   _printf_f.o
      1052          0          0          0          0        148   _printf_fp_dec.o
       764          8         38          0          0        100   _printf_fp_hex.o
       128         16          0          0          0         84   _printf_fp_infnan.o
         6          0          0          0          0          0   _printf_g.o
       148          4         40          0          0        160   _printf_hex_int_ll_ptr.o
         6          0          0          0          0          0   _printf_i.o
       178          0          0          0          0         88   _printf_intcommon.o
        10          0          0          0          0          0   _printf_l.o
         6          0          0          0          0          0   _printf_lc.o
        10          0          0          0          0          0   _printf_ll.o
         6          0          0          0          0          0   _printf_lld.o
         6          0          0          0          0          0   _printf_lli.o
         6          0          0          0          0          0   _printf_llo.o
         6          0          0          0          0          0   _printf_llu.o
         6          0          0          0          0          0   _printf_llx.o
       124         16          0          0          0         92   _printf_longlong_dec.o
         6          0          0          0          0          0   _printf_ls.o
         6          0          0          0          0          0   _printf_n.o
         6          0          0          0          0          0   _printf_o.o
       112          8          0          0          0        124   _printf_oct_int_ll.o
         6          0          0          0          0          0   _printf_p.o
        78          0          0          0          0        108   _printf_pad.o
         0          0          0          0          0          0   _printf_percent.o
         4          0          0          0          0          0   _printf_percent_end.o
         6          0          0          0          0          0   _printf_s.o
        82          0          0          0          0         80   _printf_str.o
        36          0          0          0          0         84   _printf_truncate.o
         6          0          0          0          0          0   _printf_u.o
        44          0          0          0          0        108   _printf_wchar.o
       188          6          8          0          0         92   _printf_wctomb.o
         6          0          0          0          0          0   _printf_x.o
        16          0          0          0          0         68   aeabi_memset4.o
       228          4        148          0          0         96   bigflt0.o
      1936        128          0          0          0        668   btod.o
        10          0          0          0          0         68   defsig_exit.o
        50          0          0          0          0         88   defsig_general.o
        80         58          0          0          0         76   defsig_rtmem_inner.o
        14          0          0          0          0         80   defsig_rtmem_outer.o
        52         38          0          0          0         76   defsig_rtred_inner.o
        14          0          0          0          0         80   defsig_rtred_outer.o
        18          0          0          0          0         80   exit.o
        76          0          0          0          0         88   fclose.o
       482          0          0          0          0         92   flsbuf.o
       332         10          0          0          0        152   fopen_locked.o
        28          0          0          0          0         68   fputc.o
       248          6          0          0          0         84   fseek.o
        66          0          0          0          0         76   ftell.o
       166          0          0          0          0        144   h1_alloc_threads.o
        82          0          0          0          0        104   h1_extend_threads.o
        10          0          0          0          0         76   h1_final_threads.o
       118          0          0          0          0        108   h1_free_threads.o
        18          0          0          0          0         84   h1_init_threads.o
         6          0          0          0          0        152   heapauxi.o
         4          0          0          0          0        136   hguard.o
         0          0          0          0          0          0   indicate_semi.o
       138          0          0          0          0        168   init_alloc.o
       456         48          0          0          0        116   initio_locked.o
        44         10        272          0          0         76   lc_ctype_c.o
        44         10         28          0          0         76   lc_numeric_c.o
         2          0          0          0          0          0   libinit.o
        46          0          0          0          0          0   libinit2.o
         2          0          0          0          0          0   libshutdown.o
        10          0          0          0          0          0   libshutdown2.o
         8          4          0          0         96         68   libspace.o
       138          0          0          0          0         80   lludiv10.o
         0          0          0          0          0          0   maybetermalloc2.o
        24          4          0          0          0         84   printf.o
        16          4          0          0          0         76   rt_ctype_table.o
         4          0          0          0          0         68   rt_errno_addr_twolibspace.o
        10          0          0          0          0         76   rt_heap_descriptor_twolibspace.o
        10          0          0          0          0         76   rt_locale_twolibspace.o
        68          0          0          0          0         68   rt_memclr.o
        78          0          0          0          0         80   rt_memclr_w.o
       138          0          0          0          0         68   rt_memcpy_v6.o
       100          0          0          0          0         80   rt_memcpy_w.o
         2          0          0          0          0          0   rtexit.o
        10          0          0          0          0          0   rtexit2.o
       104          0          0          0          0         88   setvbuf_locked.o
       264          6          0          0          0        160   stdio.o
         0          0          0         12        252          0   stdio_streams.o
       124          0          0          0          0         88   strcmpv7em.o
         0          0          0          4          0          0   streamlock.o
        74          0          0          0          0         80   sys_stackheap_outer.o
        14          0          0          0          0         76   sys_wrch.o
        16          0          0          0          0         80   term_alloc.o
         2          0          0          0          0         68   use_no_semi.o
        26          0          0          0          0        116   fpinit.o
         4          0          0          0          0        116   printf1.o
         4          0          0          0          0        116   printf2.o
         0          0          0          0          0          0   usenofp.o
        48          0          0          0          0        124   fpclassify.o

    ----------------------------------------------------------------------
     10118        428        552         16        348       7156   Library Totals
        24          0          1          0          0          0   (incl. Padding)

    ----------------------------------------------------------------------

      Code (inc. data)   RO Data    RW Data    ZI Data      Debug   Library Name

     10012        428        551         16        348       6684   c_w.l
        34          0          0          0          0        348   fz_wm.l
        48          0          0          0          0        124   m_wm.l

    ----------------------------------------------------------------------
     10118        428        552         16        348       7156   Library Totals

    ----------------------------------------------------------------------

==============================================================================


      Code (inc. data)   RO Data    RW Data    ZI Data      Debug   

     27480        492       1436         24      12736     124077   Grand Totals
     27480        492       1436         24      12736     124077   ELF Image Totals
     27480        492       1436         24          0          0   ROM Totals

==============================================================================

    Total RO  Size (Code + RO Data)                28916 (  28.24kB)
    Total RW  Size (RW Data + ZI Data)             12760 (  12.46kB)
    Total ROM Size (Code + RO Data + RW Data)      28940 (  28.26kB)

==============================================================================

